<html>
<body>
<pre>
<h1>µVision Build Log</h1>
<h2>Tool Versions:</h2>
IDE-Version: ¦ÌVision V5.14.0.0
Copyright (C) 2015 ARM Ltd and ARM Germany GmbH. All rights reserved.
License Information: Allen Chen, RM, LIC=8MZ9U-ST82P-EYUVT-RXUQR-H6EJ7-MYQRR
 
Tool Versions:
Toolchain:       MDK-ARM Professional  Version: 5.14.0.0
Toolchain Path:  D:\Keil_v5\ARM\ARMCC\Bin
C Compiler:      Armcc.exe V5.05 update 1 (build 106)
Assembler:       Armasm.exe V5.05 update 1 (build 106)
Linker/Locator:  ArmLink.exe V5.05 update 1 (build 106)
Library Manager: ArmAr.exe V5.05 update 1 (build 106)
Hex Converter:   FromElf.exe V5.05 update 1 (build 106)
CPU DLL:         SARMCM3.DLL V5.14.0.0
Dialog DLL:      DCM.DLL V1.13.1.0
Target DLL:      STLink\ST-LINKIII-KEIL_SWO.dll V2.0.14.0_KEIL
Dialog DLL:      TCM.DLL V1.14.4.0
 
<h2>Project:</h2>
E:\sum\T_Infantry\MDK-ARM\X_Infantry.uvprojx
Project File Date:  08/09/2017

<h2>Output:</h2>
Build target 'X_Infantry'
compiling system_stm32f4xx.c...
assembling startup_stm32f427xx.s...
compiling stm32f4xx_hal_dma.c...
compiling stm32f4xx_hal_cortex.c...
compiling stm32f4xx_hal_pcd_ex.c...
compiling stm32f4xx_hal_uart.c...
compiling stm32f4xx_hal_pwr.c...
compiling stm32f4xx_hal_dma_ex.c...
compiling stm32f4xx_hal_pcd.c...
compiling stm32f4xx_hal_flash_ramfunc.c...
compiling stm32f4xx_ll_usb.c...
compiling stm32f4xx_hal_tim_ex.c...
compiling stm32f4xx_hal_flash_ex.c...
compiling stm32f4xx_hal_can.c...
compiling stm32f4xx_hal_spi.c...
compiling stm32f4xx_hal_rcc.c...
compiling stm32f4xx_hal_rcc_ex.c...
compiling stm32f4xx_hal_pwr_ex.c...
compiling stm32f4xx_hal_flash.c...
compiling stm32f4xx_hal_gpio.c...
compiling stm32f4xx_hal.c...
compiling stm32f4xx_hal_tim.c...
compiling stm32f4xx_hal_iwdg.c...
compiling croutine.c...
compiling port.c...
compiling cmsis_os.c...
compiling timers.c...
compiling event_groups.c...
compiling queue.c...
compiling list.c...
compiling heap_4.c...
compiling tasks.c...
compiling usbd_core.c...
compiling usbd_cdc.c...
compiling usbd_ioreq.c...
compiling usbd_ctlreq.c...
compiling freertos.c...
compiling main.c...
compiling usbd_conf.c...
compiling tim.c...
compiling usart.c...
compiling usbd_cdc_if.c...
compiling usbd_desc.c...
compiling can.c...
compiling gpio.c...
compiling usb_device.c...
compiling stm32f4xx_it.c...
compiling dma.c...
compiling stm32f4xx_hal_msp.c...
compiling spi.c...
compiling iwdg.c...
compiling rtos_init.c...
compiling rtos_semaphore.c...
compiling rtos_task.c...
compiling peripheral_can.c...
compiling peripheral_gpio.c...
compiling peripheral_spi.c...
compiling peripheral_usart.c...
compiling utilities_debug.c...
compiling utilities_iopool.c...
compiling utilities_tim.c...
compiling peripheral_tim.c...
compiling drivers_led.c...
compiling drivers_imu.c...
compiling drivers_buzzer.c...
compiling drivers_canmotor.c...
compiling drivers_uart.c...
compiling drivers_uartrc.c...
compiling drivers_uartupper.c...
compiling drivers_flash.c...
compiling drivers_sonar.c...
compiling pid_regulator.c...
compiling pwm_server_ motor.c...
compiling drivers_uartjudge.c...
compiling drivers_platemotor.c...
compiling drivers_cmpower.c...
compiling tasks_motor.c...
compiling application_motorcontrol.c...
compiling tasks_upper.c...
compiling application_quaternion.c...
compiling tasks_remotecontrol.c...
compiling tasks_timed.c...
compiling application_waveform.c...
compiling tasks_platemotor.c...
linking...
Program Size: Code=48164 RO-data=1580 RW-data=2348 ZI-data=24108  
"X_Infantry\X_Infantry.axf" - 0 Error(s), 0 Warning(s).

<h2>Software Packages used:</h2>

Package Vendor: ARM
                http://www.keil.com/pack/ARM.CMSIS.4.2.0.pack
                ARM::CMSIS:CORE:3.40.0
                CMSIS (Cortex Microcontroller Software Interface Standard)
   * Component: CORE Version: 3.40.0

<h2>Collection of Component include folders:</h2>
  E:\sum\T_Infantry\MDK-ARM\RTE
  D:\Keil_v5\ARM\PACK\ARM\CMSIS\4.2.0\CMSIS\Include
  D:\Keil_v5\ARM\PACK\Keil\STM32F4xx_DFP\2.3.0\Drivers\CMSIS\Device\ST\STM32F4xx\Include

<h2>Collection of Component Files used:</h2>

   * Component: ARM::CMSIS:CORE:3.40.0
      Source file:   CMSIS\UserCodeTemplates\ARM\ITM_Retarget.c
</pre>
</body>
</html>
