Component: ARM Compiler 5.05 update 1 (build 106) Tool: armlink [4d0efa]

==============================================================================

Section Cross References

    system_stm32f4xx.o(i.SystemCoreClockUpdate) refers to system_stm32f4xx.o(.data) for .data
    system_stm32f4xx.o(i.SystemCoreClockUpdate) refers to system_stm32f4xx.o(.constdata) for .constdata
    startup_stm32f427xx.o(RESET) refers to startup_stm32f427xx.o(STACK) for __initial_sp
    startup_stm32f427xx.o(RESET) refers to startup_stm32f427xx.o(.text) for Reset_Handler
    startup_stm32f427xx.o(RESET) refers to stm32f4xx_it.o(i.NMI_Handler) for NMI_Handler
    startup_stm32f427xx.o(RESET) refers to stm32f4xx_it.o(i.HardFault_Handler) for HardFault_Handler
    startup_stm32f427xx.o(RESET) refers to stm32f4xx_it.o(i.MemManage_Handler) for MemManage_Handler
    startup_stm32f427xx.o(RESET) refers to stm32f4xx_it.o(i.BusFault_Handler) for BusFault_Handler
    startup_stm32f427xx.o(RESET) refers to stm32f4xx_it.o(i.UsageFault_Handler) for UsageFault_Handler
    startup_stm32f427xx.o(RESET) refers to port.o(.emb_text) for SVC_Handler
    startup_stm32f427xx.o(RESET) refers to stm32f4xx_it.o(i.DebugMon_Handler) for DebugMon_Handler
    startup_stm32f427xx.o(RESET) refers to stm32f4xx_it.o(i.SysTick_Handler) for SysTick_Handler
    startup_stm32f427xx.o(RESET) refers to stm32f4xx_it.o(i.EXTI1_IRQHandler) for EXTI1_IRQHandler
    startup_stm32f427xx.o(RESET) refers to stm32f4xx_it.o(i.EXTI3_IRQHandler) for EXTI3_IRQHandler
    startup_stm32f427xx.o(RESET) refers to stm32f4xx_it.o(i.DMA1_Stream1_IRQHandler) for DMA1_Stream1_IRQHandler
    startup_stm32f427xx.o(RESET) refers to stm32f4xx_it.o(i.CAN1_TX_IRQHandler) for CAN1_TX_IRQHandler
    startup_stm32f427xx.o(RESET) refers to stm32f4xx_it.o(i.CAN1_RX0_IRQHandler) for CAN1_RX0_IRQHandler
    startup_stm32f427xx.o(RESET) refers to stm32f4xx_it.o(i.USART1_IRQHandler) for USART1_IRQHandler
    startup_stm32f427xx.o(RESET) refers to stm32f4xx_it.o(i.USART2_IRQHandler) for USART2_IRQHandler
    startup_stm32f427xx.o(RESET) refers to stm32f4xx_it.o(i.EXTI15_10_IRQHandler) for EXTI15_10_IRQHandler
    startup_stm32f427xx.o(RESET) refers to stm32f4xx_it.o(i.TIM6_DAC_IRQHandler) for TIM6_DAC_IRQHandler
    startup_stm32f427xx.o(RESET) refers to stm32f4xx_it.o(i.DMA2_Stream1_IRQHandler) for DMA2_Stream1_IRQHandler
    startup_stm32f427xx.o(RESET) refers to stm32f4xx_it.o(i.DMA2_Stream2_IRQHandler) for DMA2_Stream2_IRQHandler
    startup_stm32f427xx.o(RESET) refers to stm32f4xx_it.o(i.CAN2_TX_IRQHandler) for CAN2_TX_IRQHandler
    startup_stm32f427xx.o(RESET) refers to stm32f4xx_it.o(i.CAN2_RX0_IRQHandler) for CAN2_RX0_IRQHandler
    startup_stm32f427xx.o(RESET) refers to stm32f4xx_it.o(i.OTG_FS_IRQHandler) for OTG_FS_IRQHandler
    startup_stm32f427xx.o(RESET) refers to stm32f4xx_it.o(i.USART6_IRQHandler) for USART6_IRQHandler
    startup_stm32f427xx.o(.text) refers to system_stm32f4xx.o(i.SystemInit) for SystemInit
    startup_stm32f427xx.o(.text) refers to entry.o(.ARM.Collect$$$$00000000) for __main
    stm32f4xx_hal_dma.o(i.DMA_CalcBaseAndBitshift) refers to stm32f4xx_hal_dma.o(.constdata) for .constdata
    stm32f4xx_hal_dma.o(i.HAL_DMA_Abort) refers to stm32f4xx_hal.o(i.HAL_GetTick) for HAL_GetTick
    stm32f4xx_hal_dma.o(i.HAL_DMA_DeInit) refers to stm32f4xx_hal_dma.o(i.DMA_CalcBaseAndBitshift) for DMA_CalcBaseAndBitshift
    stm32f4xx_hal_dma.o(i.HAL_DMA_IRQHandler) refers to system_stm32f4xx.o(.data) for SystemCoreClock
    stm32f4xx_hal_dma.o(i.HAL_DMA_Init) refers to stm32f4xx_hal.o(i.HAL_GetTick) for HAL_GetTick
    stm32f4xx_hal_dma.o(i.HAL_DMA_Init) refers to stm32f4xx_hal_dma.o(i.DMA_CheckFifoParam) for DMA_CheckFifoParam
    stm32f4xx_hal_dma.o(i.HAL_DMA_Init) refers to stm32f4xx_hal_dma.o(i.DMA_CalcBaseAndBitshift) for DMA_CalcBaseAndBitshift
    stm32f4xx_hal_dma.o(i.HAL_DMA_PollForTransfer) refers to stm32f4xx_hal.o(i.HAL_GetTick) for HAL_GetTick
    stm32f4xx_hal_dma.o(i.HAL_DMA_PollForTransfer) refers to stm32f4xx_hal_dma.o(i.HAL_DMA_Abort) for HAL_DMA_Abort
    stm32f4xx_hal_dma.o(i.HAL_DMA_Start) refers to stm32f4xx_hal_dma.o(i.DMA_SetConfig) for DMA_SetConfig
    stm32f4xx_hal_dma.o(i.HAL_DMA_Start_IT) refers to stm32f4xx_hal_dma.o(i.DMA_SetConfig) for DMA_SetConfig
    stm32f4xx_hal_cortex.o(i.HAL_NVIC_SetPriority) refers to stm32f4xx_hal_cortex.o(i.NVIC_SetPriority) for NVIC_SetPriority
    stm32f4xx_hal_cortex.o(i.HAL_SYSTICK_Config) refers to stm32f4xx_hal_cortex.o(i.NVIC_SetPriority) for NVIC_SetPriority
    stm32f4xx_hal_cortex.o(i.HAL_SYSTICK_IRQHandler) refers to stm32f4xx_hal_cortex.o(i.HAL_SYSTICK_Callback) for HAL_SYSTICK_Callback
    stm32f4xx_hal_uart.o(i.HAL_HalfDuplex_Init) refers to usart.o(i.HAL_UART_MspInit) for HAL_UART_MspInit
    stm32f4xx_hal_uart.o(i.HAL_HalfDuplex_Init) refers to stm32f4xx_hal_uart.o(i.UART_SetConfig) for UART_SetConfig
    stm32f4xx_hal_uart.o(i.HAL_LIN_Init) refers to usart.o(i.HAL_UART_MspInit) for HAL_UART_MspInit
[...]
    getLaunchMode                            0x08009aad   Thumb Code     6  tasks_platemotor.o(i.getLaunchMode)
    getPlateMotorDir                         0x08009ab9   Thumb Code     6  drivers_platemotor.o(i.getPlateMotorDir)
    getReadPoolIndexPrototype                0x08009ac5   Thumb Code    48  utilities_iopool.o(i.getReadPoolIndexPrototype)
    judgeUartRxCpltCallback                  0x08009b39   Thumb Code   114  drivers_uartjudge.o(i.judgeUartRxCpltCallback)
    ledGreenTask                             0x08009be5   Thumb Code    74  drivers_led.o(i.ledGreenTask)
    ledRedTask                               0x08009c39   Thumb Code    66  drivers_led.o(i.ledRedTask)
    main                                     0x08009c85   Thumb Code    82  main.o(i.main)
    malloc                                   0x08009ce5   Thumb Code    92  malloc.o(i.malloc)
    manifoldUartRxCpltCallback               0x08009d51   Thumb Code   144  drivers_uartupper.o(i.manifoldUartRxCpltCallback)
    myDelay                                  0x08009e5d   Thumb Code    24  drivers_buzzer.o(i.myDelay)
    myGet_CRC16_Check_Sum                    0x08009e75   Thumb Code    38  drivers_uartjudge.o(i.myGet_CRC16_Check_Sum)
    myGet_CRC8_Check_Sum                     0x08009ea1   Thumb Code    24  drivers_uartjudge.o(i.myGet_CRC8_Check_Sum)
    myVerify_CRC16_Check_Sum                 0x08009ebd   Thumb Code    52  drivers_uartjudge.o(i.myVerify_CRC16_Check_Sum)
    myVerify_CRC8_Check_Sum                  0x08009ef1   Thumb Code    38  drivers_uartjudge.o(i.myVerify_CRC8_Check_Sum)
    osDelay                                  0x08009f17   Thumb Code    14  cmsis_os.o(i.osDelay)
    osKernelStart                            0x08009f25   Thumb Code    10  cmsis_os.o(i.osKernelStart)
    osSemaphoreCreate                        0x08009f2f   Thumb Code    44  cmsis_os.o(i.osSemaphoreCreate)
    osSemaphoreRelease                       0x08009f5d   Thumb Code    74  cmsis_os.o(i.osSemaphoreRelease)
    osSemaphoreWait                          0x08009fad   Thumb Code   100  cmsis_os.o(i.osSemaphoreWait)
    osSystickHandler                         0x0800a015   Thumb Code    20  cmsis_os.o(i.osSystickHandler)
    osThreadCreate                           0x0800a029   Thumb Code    46  cmsis_os.o(i.osThreadCreate)
    plateMotorInit                           0x0800a059   Thumb Code    48  drivers_platemotor.o(i.plateMotorInit)
    playMusicWhenInit                        0x0800a0a5   Thumb Code    90  drivers_buzzer.o(i.playMusicWhenInit)
    pvPortMalloc                             0x0800a575   Thumb Code   210  heap_4.o(i.pvPortMalloc)
    pvTaskIncrementMutexHeldCount            0x0800a64d   Thumb Code    18  tasks.o(i.pvTaskIncrementMutexHeldCount)
    pwm_server_motor_init                    0x0800a665   Thumb Code   252  pwm_server_ motor.o(i.pwm_server_motor_init)
    pwm_server_motor_set_angle               0x0800a771   Thumb Code   166  pwm_server_ motor.o(i.pwm_server_motor_set_angle)
    pxPortInitialiseStack                    0x0800a83d   Thumb Code    40  port.o(i.pxPortInitialiseStack)
    rcUartIOPool_getId                       0x0800a869   Thumb Code     4  drivers_uartrc.o(i.rcUartIOPool_getId)
    rcUartRxCpltCallback                     0x0800a86d   Thumb Code    42  drivers_uartrc.o(i.rcUartRxCpltCallback)
    rtos_AddSemaphores                       0x0800a8a5   Thumb Code   142  rtos_semaphore.o(i.rtos_AddSemaphores)
    rtos_AddThreads                          0x0800a939   Thumb Code   184  rtos_task.o(i.rtos_AddThreads)
    rtos_InitInfantry                        0x0800a9f9   Thumb Code    52  rtos_init.o(i.rtos_InitInfantry)
    setLaunchMode                            0x0800aa3d   Thumb Code     6  tasks_platemotor.o(i.setLaunchMode)
    setMotor                                 0x0800aa49   Thumb Code   948  application_motorcontrol.o(i.setMotor)
    setPlateMotorDir                         0x0800ae7d   Thumb Code    60  drivers_platemotor.o(i.setPlateMotorDir)
    uxListRemove                             0x0800aec1   Thumb Code    36  list.o(i.uxListRemove)
    vApplicationStackOverflowHook            0x0800aee5   Thumb Code     2  freertos.o(i.vApplicationStackOverflowHook)
    vListInitialise                          0x0800aee7   Thumb Code    22  list.o(i.vListInitialise)
    vListInitialiseItem                      0x0800aefd   Thumb Code     6  list.o(i.vListInitialiseItem)
    vListInsert                              0x0800af03   Thumb Code    48  list.o(i.vListInsert)
    vListInsertEnd                           0x0800af33   Thumb Code    24  list.o(i.vListInsertEnd)
    vPortEnterCritical                       0x0800af4d   Thumb Code    54  port.o(i.vPortEnterCritical)
    vPortExitCritical                        0x0800af8d   Thumb Code    34  port.o(i.vPortExitCritical)
    vPortFree                                0x0800afb5   Thumb Code    88  heap_4.o(i.vPortFree)
    vPortSetupTimerInterrupt                 0x0800b011   Thumb Code    26  port.o(i.vPortSetupTimerInterrupt)
    vPortValidateInterruptPriority           0x0800b031   Thumb Code    74  port.o(i.vPortValidateInterruptPriority)
    vTaskDelay                               0x0800b085   Thumb Code    66  tasks.o(i.vTaskDelay)
    vTaskDelayUntil                          0x0800b0d1   Thumb Code   132  tasks.o(i.vTaskDelayUntil)
    vTaskMissedYield                         0x0800b15d   Thumb Code     8  tasks.o(i.vTaskMissedYield)
    vTaskPlaceOnEventList                    0x0800b169   Thumb Code    44  tasks.o(i.vTaskPlaceOnEventList)
    vTaskPriorityInherit                     0x0800b199   Thumb Code   124  tasks.o(i.vTaskPriorityInherit)
    vTaskSetTimeOutState                     0x0800b21d   Thumb Code    30  tasks.o(i.vTaskSetTimeOutState)
    vTaskStartScheduler                      0x0800b241   Thumb Code    86  tasks.o(i.vTaskStartScheduler)
    vTaskSuspendAll                          0x0800b2a9   Thumb Code    10  tasks.o(i.vTaskSuspendAll)
    vTaskSwitchContext                       0x0800b2b9   Thumb Code   126  tasks.o(i.vTaskSwitchContext)
    xPortStartScheduler                      0x0800b341   Thumb Code   202  port.o(i.xPortStartScheduler)
    xPortSysTickHandler                      0x0800b421   Thumb Code    38  port.o(i.xPortSysTickHandler)
    xQueueCreateCountingSemaphore            0x0800b44d   Thumb Code    58  queue.o(i.xQueueCreateCountingSemaphore)
    xQueueGenericCreate                      0x0800b487   Thumb Code    72  queue.o(i.xQueueGenericCreate)
    xQueueGenericReceive                     0x0800b4d1   Thumb Code   360  queue.o(i.xQueueGenericReceive)
    xQueueGenericReset                       0x0800b63d   Thumb Code   132  queue.o(i.xQueueGenericReset)
    xQueueGenericSend                        0x0800b6c5   Thumb Code   346  queue.o(i.xQueueGenericSend)
    xQueueGiveFromISR                        0x0800b825   Thumb Code   156  queue.o(i.xQueueGiveFromISR)
    xQueueReceiveFromISR                     0x0800b8c1   Thumb Code   154  queue.o(i.xQueueReceiveFromISR)
    xTaskCheckForTimeOut                     0x0800b95d   Thumb Code   102  tasks.o(i.xTaskCheckForTimeOut)
    xTaskCreate                              0x0800b9c9   Thumb Code    86  tasks.o(i.xTaskCreate)
    xTaskGetSchedulerState                   0x0800ba21   Thumb Code    22  tasks.o(i.xTaskGetSchedulerState)
    xTaskGetTickCount                        0x0800ba3d   Thumb Code     6  tasks.o(i.xTaskGetTickCount)
    xTaskIncrementTick                       0x0800ba49   Thumb Code   192  tasks.o(i.xTaskIncrementTick)
    xTaskPriorityDisinherit                  0x0800bb11   Thumb Code   144  tasks.o(i.xTaskPriorityDisinherit)
    xTaskRemoveFromEventList                 0x0800bba9   Thumb Code   108  tasks.o(i.xTaskRemoveFromEventList)
    xTaskResumeAll                           0x0800bc1d   Thumb Code   182  tasks.o(i.xTaskResumeAll)
    zyLocationInit                           0x0800bce1   Thumb Code   194  drivers_uartupper.o(i.zyLocationInit)
    zySetLeftMode                            0x0800bdb5   Thumb Code    22  drivers_uartrc.o(i.zySetLeftMode)
    AHBPrescTable                            0x0800bdd0   Data          16  system_stm32f4xx.o(.constdata)
    APBPrescTable                            0x0800bde0   Data           8  system_stm32f4xx.o(.constdata)
    myCRC8_TAB                               0x0800beb8   Data         256  drivers_uartjudge.o(.constdata)
    mywCRC_Table                             0x0800bfb8   Data         512  drivers_uartjudge.o(.constdata)
    Region$$Table$$Base                      0x0800c230   Number         0  anon$$obj.o(Region$$Table)
    Region$$Table$$Limit                     0x0800c250   Number         0  anon$$obj.o(Region$$Table)
    SystemCoreClock                          0x20000000   Data           4  system_stm32f4xx.o(.data)
    uwTick                                   0x20000004   Data           4  stm32f4xx_hal.o(.data)
    pxCurrentTCB                             0x2000002c   Data           4  tasks.o(.data)
    USBD_CDC_CfgHSDesc                       0x20000078   Data          67  usbd_cdc.o(.data)
    USBD_CDC_CfgFSDesc                       0x200000bc   Data          67  usbd_cdc.o(.data)
    USBD_CDC_OtherSpeedCfgDesc               0x20000100   Data          67  usbd_cdc.o(.data)
    USBD_CDC                                 0x20000144   Data          56  usbd_cdc.o(.data)
    defaultTaskHandle                        0x20000180   Data           4  freertos.o(.data)
    USBD_Interface_fops_FS                   0x20000184   Data          16  usbd_cdc_if.o(.data)
    UserRxBufferFS                           0x20000194   Data           4  usbd_cdc_if.o(.data)
    UserTxBufferFS                           0x20000198   Data           4  usbd_cdc_if.o(.data)
    FS_Desc                                  0x2000019c   Data          28  usbd_desc.o(.data)
    USBD_LangIDDesc                          0x200001b8   Data           4  usbd_desc.o(.data)
    USBD_FS_DeviceDesc                       0x200001bc   Data          18  usbd_desc.o(.data)
    g_bInited                                0x200001d4   Data           1  rtos_init.o(.data)
    CMGMCanTransmitSemaphoreHandle           0x200001d8   Data           4  rtos_semaphore.o(.data)
    ZGYROCanTransmitSemaphoreHandle          0x200001dc   Data           4  rtos_semaphore.o(.data)
    CMGMCanRefreshSemaphoreHandle            0x200001e0   Data           4  rtos_semaphore.o(.data)
    ZGYROCanRefreshSemaphoreHandle           0x200001e4   Data           4  rtos_semaphore.o(.data)
    imurefreshGimbalSemaphoreHandle          0x200001e8   Data           4  rtos_semaphore.o(.data)
    refreshMPU6500SemaphoreHandle            0x200001ec   Data           4  rtos_semaphore.o(.data)
    xSemaphore_mfuart                        0x200001f0   Data           4  rtos_semaphore.o(.data)
    xSemaphore_rcuart                        0x200001f4   Data           4  rtos_semaphore.o(.data)
    motorCanTransmitSemaphore                0x200001f8   Data           4  rtos_semaphore.o(.data)
    ledGreenTaskHandle                       0x200001fc   Data           4  rtos_task.o(.data)
    ledRedTaskHandle                         0x20000200   Data           4  rtos_task.o(.data)
    printIMUTaskHandle                       0x20000204   Data           4  rtos_task.o(.data)
    RControlTaskHandle                       0x20000208   Data           4  rtos_task.o(.data)
    getCtrlUartTaskHandle                    0x2000020c   Data           4  rtos_task.o(.data)
    GMControlTaskHandle                      0x20000210   Data           4  rtos_task.o(.data)
    TimerTaskHandle                          0x20000214   Data           4  rtos_task.o(.data)
    PlateTaskHandle                          0x20000218   Data           4  rtos_task.o(.data)
    timeMicros                               0x20000220   Data           8  utilities_tim.o(.data)
    ledGreenStatus                           0x20000228   Data           1  drivers_led.o(.data)
    ledRedStatus                             0x20000229   Data           1  drivers_led.o(.data)
    MPU_id                                   0x2000022c   Data           1  drivers_imu.o(.data)
    datasc                                   0x2000022d   Data           1  drivers_imu.o(.data)
    gYroXs                                   0x20000234   Data           4  drivers_imu.o(.data)
    gYroYs                                   0x20000238   Data           4  drivers_imu.o(.data)
    gYroZs                                   0x2000023c   Data           4  drivers_imu.o(.data)
    SuperMario                               0x2000024e   Data          76  drivers_buzzer.o(.data)
    isRcanStarted_CMGM                       0x2000029c   Data           1  drivers_canmotor.o(.data)
    isRcanStarted_ZGYRO                      0x2000029d   Data           1  drivers_canmotor.o(.data)
    ZGyroModuleAngle                         0x200002a0   Data           4  drivers_canmotor.o(.data)
    CMFLRxIOPool                             0x200002a4   Data          20  drivers_canmotor.o(.data)
    CMFRRxIOPool                             0x200002b8   Data          20  drivers_canmotor.o(.data)
    CMBLRxIOPool                             0x200002cc   Data          20  drivers_canmotor.o(.data)
    CMBRRxIOPool                             0x200002e0   Data          20  drivers_canmotor.o(.data)
    GMPITCHRxIOPool                          0x200002f4   Data          20  drivers_canmotor.o(.data)
    GMYAWRxIOPool                            0x20000308   Data          20  drivers_canmotor.o(.data)
    CMTxIOPool                               0x2000031c   Data          20  drivers_canmotor.o(.data)
    GMTxIOPool                               0x20000330   Data          20  drivers_canmotor.o(.data)
    ZGYROTxIOPool                            0x20000344   Data          20  drivers_canmotor.o(.data)
    CMFLRxIOPool_readPoolMap                 0x20000358   Data           2  drivers_canmotor.o(.data)
    CMFLRxIOPool_readPool                    0x2000035a   Data           3  drivers_canmotor.o(.data)
    CMFRRxIOPool_readPoolMap                 0x2000035e   Data           2  drivers_canmotor.o(.data)
    CMFRRxIOPool_readPool                    0x20000360   Data           3  drivers_canmotor.o(.data)
    CMBLRxIOPool_readPoolMap                 0x20000364   Data           2  drivers_canmotor.o(.data)
    CMBLRxIOPool_readPool                    0x20000366   Data           3  drivers_canmotor.o(.data)
    CMBRRxIOPool_readPoolMap                 0x2000036a   Data           2  drivers_canmotor.o(.data)
    CMBRRxIOPool_readPool                    0x2000036c   Data           3  drivers_canmotor.o(.data)
    GMPITCHRxIOPool_readPoolMap              0x20000370   Data           2  drivers_canmotor.o(.data)
    GMPITCHRxIOPool_readPool                 0x20000372   Data           3  drivers_canmotor.o(.data)
    GMYAWRxIOPool_readPoolMap                0x20000376   Data           2  drivers_canmotor.o(.data)
    GMYAWRxIOPool_readPool                   0x20000378   Data           3  drivers_canmotor.o(.data)
    CMTxIOPool_readPoolMap                   0x2000037c   Data           2  drivers_canmotor.o(.data)
    CMTxIOPool_data                          0x20000380   Data          84  drivers_canmotor.o(.data)
    CMTxIOPool_readPool                      0x200003d4   Data           3  drivers_canmotor.o(.data)
    GMTxIOPool_readPoolMap                   0x200003d8   Data           2  drivers_canmotor.o(.data)
    GMTxIOPool_data                          0x200003dc   Data          84  drivers_canmotor.o(.data)
    GMTxIOPool_readPool                      0x20000430   Data           3  drivers_canmotor.o(.data)
    ZGYROTxIOPool_readPoolMap                0x20000434   Data           2  drivers_canmotor.o(.data)
    ZGYROTxIOPool_data                       0x20000438   Data          84  drivers_canmotor.o(.data)
    ZGYROTxIOPool_readPool                   0x2000048c   Data           3  drivers_canmotor.o(.data)
    rcUartIOPool_readPoolMap                 0x20000490   Data           2  drivers_uartrc.o(.data)
    rcUartIOPool_readPool                    0x20000492   Data           3  drivers_uartrc.o(.data)
    g_friction_wheel_state                   0x20000498   Data           1  drivers_uartrc.o(.data)
    shootState                               0x20000499   Data           1  drivers_uartrc.o(.data)
    inputmode                                0x2000049a   Data           1  drivers_uartrc.o(.data)
    shootMode                                0x2000049b   Data           1  drivers_uartrc.o(.data)
    emergency_Flag                           0x2000049c   Data           1  drivers_uartrc.o(.data)
    movespeed                                0x2000049d   Data           1  drivers_uartrc.o(.data)
    slabmode                                 0x2000049e   Data           1  drivers_uartrc.o(.data)
    zyLeftPostion                            0x200004b4   Data           4  drivers_uartrc.o(.data)
    ChassisSpeedRef                          0x200004b8   Data           6  drivers_uartrc.o(.data)
    rcUartIOPool                             0x200004c0   Data          20  drivers_uartrc.o(.data)
    frictionRamp                             0x200004d4   Data          36  drivers_uartrc.o(.data)
    LRSpeedRamp                              0x200004f8   Data          36  drivers_uartrc.o(.data)
    FBSpeedRamp                              0x2000051c   Data          36  drivers_uartrc.o(.data)
    ctrlUartIOPool_readPoolMap               0x20000540   Data           2  drivers_uartupper.o(.data)
    ctrlUartIOPool_readPool                  0x20000542   Data           3  drivers_uartupper.o(.data)
    ctrlUartIOPool                           0x20000548   Data          20  drivers_uartupper.o(.data)
    bShoot                                   0x2000055c   Data           1  drivers_uartupper.o(.data)
    runeLocation                             0x2000055d   Data           1  drivers_uartupper.o(.data)
    LocateState                              0x2000055e   Data           1  drivers_uartupper.o(.data)
    RuneState                                0x2000055f   Data           1  drivers_uartupper.o(.data)
    dis_yaw                                  0x20000560   Data           4  drivers_uartupper.o(.data)
    dis_pitch                                0x20000564   Data           4  drivers_uartupper.o(.data)
    zyYawAdd                                 0x2000056c   Data           4  drivers_uartupper.o(.data)
    zyYawTarget                              0x20000570   Data           4  drivers_uartupper.o(.data)
    receiving                                0x20000574   Data           1  drivers_uartjudge.o(.data)
    buffercnt                                0x20000575   Data           1  drivers_uartjudge.o(.data)
    JUDGE_Received                           0x20000576   Data           1  drivers_uartjudge.o(.data)
    tmp_judge                                0x20000577   Data           1  drivers_uartjudge.o(.data)
    JUDGE_State                              0x20000578   Data           1  drivers_uartjudge.o(.data)
    PlateMotorDir                            0x20000579   Data           1  drivers_platemotor.o(.data)
    pitchPositionPID                         0x2000057c   Data          76  tasks_motor.o(.data)
    yawPositionPID                           0x200005c8   Data          76  tasks_motor.o(.data)
    pitchSpeedPID                            0x20000614   Data          76  tasks_motor.o(.data)
    yawSpeedPID                              0x20000660   Data          76  tasks_motor.o(.data)
    yawAngleTarget                           0x200006b4   Data           4  tasks_motor.o(.data)
    gap_angle                                0x200006b8   Data           4  tasks_motor.o(.data)
    pitchRealAngle                           0x200006bc   Data           4  tasks_motor.o(.data)
    pitchAngleTarget                         0x200006c0   Data           4  tasks_motor.o(.data)
    twist_state                              0x200006c4   Data           4  tasks_motor.o(.data)
    twist_count                              0x200006c8   Data           4  tasks_motor.o(.data)
    twist                                    0x200006cc   Data           4  tasks_motor.o(.data)
    mm                                       0x200006d0   Data           4  tasks_motor.o(.data)
    nn                                       0x200006d4   Data           4  tasks_motor.o(.data)
    yawRealAngle                             0x200006d8   Data           4  tasks_motor.o(.data)
    CMRotatePID                              0x200006dc   Data          80  tasks_motor.o(.data)
    CM1SpeedPID                              0x2000072c   Data          80  tasks_motor.o(.data)
    CM2SpeedPID                              0x2000077c   Data          80  tasks_motor.o(.data)
    CM3SpeedPID                              0x200007cc   Data          80  tasks_motor.o(.data)
    CM4SpeedPID                              0x2000081c   Data          80  tasks_motor.o(.data)
    g_switchRead                             0x2000087c   Data           1  tasks_remotecontrol.o(.data)
    g_workState                              0x20000890   Data           1  tasks_timed.o(.data)
    lastWorkState                            0x20000891   Data           1  tasks_timed.o(.data)
    zyRuneMode                               0x20000892   Data           1  tasks_timed.o(.data)
    zyShootTimeCount                         0x20000894   Data           2  tasks_timed.o(.data)
    checkRecTime                             0x20000896   Data           2  tasks_timed.o(.data)
    checkKeyTime                             0x20000898   Data           2  tasks_timed.o(.data)
    waitRuneMSG                              0x200008a0   Data           4  tasks_timed.o(.data)
    friction_wheel_stateZY                   0x200008ac   Data           1  tasks_timed.o(.data)
    littleRuneMSG                            0x200008ad   Data           4  tasks_timed.o(.data)
    bigRuneMSG                               0x200008b1   Data           4  tasks_timed.o(.data)
    launchMode                               0x200008b8   Data           1  tasks_platemotor.o(.data)
    stuck                                    0x200008c0   Data           4  tasks_platemotor.o(.data)
    ShootMotorPositionPID                    0x200008cc   Data          80  tasks_platemotor.o(.data)
    __stdout                                 0x20000920   Data           4  stdout.o(.data)
    __microlib_freelist                      0x20000924   Data           4  mvars.o(.data)
    __microlib_freelist_initialised          0x20000928   Data           4  mvars.o(.data)
    hpcd_USB_OTG_FS                          0x2000461c   Data        1008  usbd_conf.o(.bss)
    htim2                                    0x20004a0c   Data          60  tim.o(.bss)
    htim3                                    0x20004a48   Data          60  tim.o(.bss)
    htim4                                    0x20004a84   Data          60  tim.o(.bss)
    htim5                                    0x20004ac0   Data          60  tim.o(.bss)
    htim6                                    0x20004afc   Data          60  tim.o(.bss)
    htim8                                    0x20004b38   Data          60  tim.o(.bss)
    htim12                                   0x20004b74   Data          60  tim.o(.bss)
    huart1                                   0x20004bb0   Data          64  usart.o(.bss)
    huart2                                   0x20004bf0   Data          64  usart.o(.bss)
    huart3                                   0x20004c30   Data          64  usart.o(.bss)
    huart6                                   0x20004c70   Data          64  usart.o(.bss)
    hdma_usart1_rx                           0x20004cb0   Data          96  usart.o(.bss)
    hdma_usart3_rx                           0x20004d10   Data          96  usart.o(.bss)
    hdma_usart6_rx                           0x20004d70   Data          96  usart.o(.bss)
    USBD_StrDesc                             0x20004dd0   Data         128  usbd_desc.o(.bss)
    hcan1                                    0x20004e50   Data          64  can.o(.bss)
    hcan2                                    0x20004e90   Data          64  can.o(.bss)
    hUsbDeviceFS                             0x20004ed0   Data         548  usb_device.o(.bss)
    hspi5                                    0x200050f4   Data          88  spi.o(.bss)
    hiwdg                                    0x2000514c   Data          12  iwdg.o(.bss)
    imu_data                                 0x20005158   Data          20  drivers_imu.o(.bss)
    imu_data_offest                          0x2000516c   Data          20  drivers_imu.o(.bss)
    CMFLRxIOPool_data                        0x20005180   Data          12  drivers_canmotor.o(.bss)
    CMFRRxIOPool_data                        0x2000518c   Data          12  drivers_canmotor.o(.bss)
    CMBLRxIOPool_data                        0x20005198   Data          12  drivers_canmotor.o(.bss)
    CMBRRxIOPool_data                        0x200051a4   Data          12  drivers_canmotor.o(.bss)
    GMPITCHRxIOPool_data                     0x200051b0   Data          18  drivers_canmotor.o(.bss)
    GMYAWRxIOPool_data                       0x200051c2   Data          18  drivers_canmotor.o(.bss)
    CMGMCanRxMsg                             0x200051d4   Data          36  drivers_canmotor.o(.bss)
    ZGYROCanRxMsg                            0x200051f8   Data          36  drivers_canmotor.o(.bss)
    rcUartIOPool_data                        0x2000521c   Data          54  drivers_uartrc.o(.bss)
    RC_CtrlData                              0x20005252   Data          22  drivers_uartrc.o(.bss)
    ctrlUartIOPool_data                      0x20005268   Data          42  drivers_uartupper.o(.bss)
    Location_Number                          0x20005294   Data          72  drivers_uartupper.o(.bss)
    ctrlData                                 0x200052dc   Data          10  drivers_uartupper.o(.bss)
    buffer                                   0x200052e8   Data          44  drivers_uartjudge.o(.bss)
    mytGameInfo                              0x20005314   Data          20  drivers_uartjudge.o(.bss)
    g_switch1                                0x20005328   Data          23  tasks_remotecontrol.o(.bss)
    pRunePosition                            0x20005340   Data          24  tasks_timed.o(.bss)
    __heap_base                              0x20005358   Data           0  startup_stm32f427xx.o(HEAP)
    __heap_limit                             0x20006358   Data           0  startup_stm32f427xx.o(HEAP)
    __initial_sp                             0x20006758   Data           0  startup_stm32f427xx.o(STACK)



==============================================================================

Memory Map of the image

  Image Entry point : 0x080001ad

  Load Region LR_IROM1 (Base: 0x08000000, Size: 0x0000cb7c, Max: 0x00200000, ABSOLUTE, COMPRESSED[0x0000c49c])

    Execution Region ER_IROM1 (Base: 0x08000000, Size: 0x0000c250, Max: 0x00200000, ABSOLUTE)

    Base Addr    Size         Type   Attr      Idx    E Section Name        Object

    0x08000000   0x000001ac   Data   RO          151    RESET               startup_stm32f427xx.o
    0x080001ac   0x00000000   Code   RO         7893  * .ARM.Collect$$$$00000000  mc_w.l(entry.o)
    0x080001ac   0x00000004   Code   RO         8251    .ARM.Collect$$$$00000001  mc_w.l(entry2.o)
    0x080001b0   0x00000004   Code   RO         8254    .ARM.Collect$$$$00000004  mc_w.l(entry5.o)
    0x080001b4   0x00000000   Code   RO         8256    .ARM.Collect$$$$00000008  mc_w.l(entry7b.o)
    0x080001b4   0x00000000   Code   RO         8258    .ARM.Collect$$$$0000000A  mc_w.l(entry8b.o)
    0x080001b4   0x00000008   Code   RO         8259    .ARM.Collect$$$$0000000B  mc_w.l(entry9a.o)
    0x080001bc   0x00000000   Code   RO         8261    .ARM.Collect$$$$0000000D  mc_w.l(entry10a.o)
    0x080001bc   0x00000000   Code   RO         8263    .ARM.Collect$$$$0000000F  mc_w.l(entry11a.o)
    0x080001bc   0x00000004   Code   RO         8252    .ARM.Collect$$$$00002712  mc_w.l(entry2.o)
    0x080001c0   0x000000ba   Code   RO         3481    .emb_text           port.o
    0x0800027a   0x00000002   PAD
    0x0800027c   0x00000024   Code   RO          152    .text               startup_stm32f427xx.o
    0x080002a0   0x00000070   Code   RO         7633    .text               RMLib.lib(ramp.o)
    0x08000310   0x00000120   Code   RO         7825    .text               RMLib.lib(pid_regulator.o)
    0x08000430   0x00000024   Code   RO         7896    .text               mc_w.l(rand.o)
    0x08000454   0x00000024   Code   RO         7899    .text               mc_w.l(memcpya.o)
    0x08000478   0x00000024   Code   RO         7901    .text               mc_w.l(memseta.o)
    0x0800049c   0x0000014e   Code   RO         8194    .text               mf_w.l(dadd.o)
    0x080005ea   0x000000e4   Code   RO         8196    .text               mf_w.l(dmul.o)
    0x080006ce   0x000000de   Code   RO         8198    .text               mf_w.l(ddiv.o)
    0x080007ac   0x00000022   Code   RO         8202    .text               mf_w.l(dflti.o)
    0x080007ce   0x00000026   Code   RO         8204    .text               mf_w.l(f2d.o)
    0x080007f4   0x00000030   Code   RO         8206    .text               mf_w.l(cdcmple.o)
    0x08000824   0x00000030   Code   RO         8208    .text               mf_w.l(cdrcmple.o)
    0x08000854   0x00000038   Code   RO         8210    .text               mf_w.l(d2f.o)
    0x0800088c   0x0000002c   Code   RO         8266    .text               mc_w.l(uidiv.o)
    0x080008b8   0x00000062   Code   RO         8268    .text               mc_w.l(uldiv.o)
    0x0800091a   0x0000001e   Code   RO         8270    .text               mc_w.l(llshl.o)
    0x08000938   0x00000024   Code   RO         8272    .text               mc_w.l(llsshr.o)
    0x0800095c   0x00000000   Code   RO         8283    .text               mc_w.l(iusefp.o)
    0x0800095c   0x0000006e   Code   RO         8284    .text               mf_w.l(fepilogue.o)
    0x080009ca   0x000000ba   Code   RO         8286    .text               mf_w.l(depilogue.o)
    0x08000a84   0x00000030   Code   RO         8292    .text               mf_w.l(dfixul.o)
    0x08000ab4   0x00000024   Code   RO         8294    .text               mc_w.l(init.o)
    0x08000ad8   0x00000020   Code   RO         8296    .text               mc_w.l(llushr.o)
    0x08000af8   0x00000056   Code   RO         8306    .text               mc_w.l(__dczerorl2.o)
    0x08000b4e   0x00000002   Code   RO         5683    i.BusFault_Handler  stm32f4xx_it.o
    0x08000b50   0x0000000c   Code   RO         5684    i.CAN1_RX0_IRQHandler  stm32f4xx_it.o
    0x08000b5c   0x0000000c   Code   RO         5685    i.CAN1_TX_IRQHandler  stm32f4xx_it.o
    0x08000b68   0x0000000c   Code   RO         5686    i.CAN2_RX0_IRQHandler  stm32f4xx_it.o
    0x08000b74   0x0000000c   Code   RO         5687    i.CAN2_TX_IRQHandler  stm32f4xx_it.o
    0x08000b80   0x00000104   Code   RO         1776    i.CAN_Receive_IT    stm32f4xx_hal_can.o
    0x08000c84   0x00000004   Code   RO         5452    i.CDC_Control_FS    usbd_cdc_if.o
    0x08000c88   0x00000004   Code   RO         5453    i.CDC_DeInit_FS     usbd_cdc_if.o
    0x08000c8c   0x00000024   Code   RO         5454    i.CDC_Init_FS       usbd_cdc_if.o
    0x08000cb0   0x00000018   Code   RO         5455    i.CDC_Receive_FS    usbd_cdc_if.o
    0x08000cc8   0x00000038   Code   RO         7443    i.CMControlInit     tasks_timed.o
    0x08000d00   0x0000002c   Code   RO         7218    i.CMGMControlTask   tasks_motor.o
    0x08000d2c   0x00000004   Code   RO         6456    i.CMTxIOPool_getId  drivers_canmotor.o
    0x08000d30   0x00000148   Code   RO         7219    i.ControlCMBL       tasks_motor.o
    0x08000e78   0x0000014c   Code   RO         7220    i.ControlCMBR       tasks_motor.o
    0x08000fc4   0x00000150   Code   RO         7221    i.ControlCMFL       tasks_motor.o
    0x08001114   0x00000148   Code   RO         7222    i.ControlCMFR       tasks_motor.o
    0x0800125c   0x00000124   Code   RO         7223    i.ControlPitch      tasks_motor.o
    0x08001380   0x00000174   Code   RO         7224    i.ControlRotate     tasks_motor.o
    0x080014f4   0x00000110   Code   RO         7225    i.ControlYaw        tasks_motor.o
    0x08001604   0x0000000c   Code   RO         5688    i.DMA1_Stream1_IRQHandler  stm32f4xx_it.o
    0x08001610   0x0000000c   Code   RO         5689    i.DMA2_Stream1_IRQHandler  stm32f4xx_it.o
    0x0800161c   0x0000000c   Code   RO         5690    i.DMA2_Stream2_IRQHandler  stm32f4xx_it.o
    0x08001628   0x00000028   Code   RO          159    i.DMA_CalcBaseAndBitshift  stm32f4xx_hal_dma.o
    0x08001650   0x00000054   Code   RO          160    i.DMA_CheckFifoParam  stm32f4xx_hal_dma.o
    0x080016a4   0x00000028   Code   RO          161    i.DMA_SetConfig     stm32f4xx_hal_dma.o
    0x080016cc   0x00000002   Code   RO         5691    i.DebugMon_Handler  stm32f4xx_it.o
    0x080016ce   0x00000008   Code   RO         5692    i.EXTI15_10_IRQHandler  stm32f4xx_it.o
    0x080016d6   0x00000006   Code   RO         5693    i.EXTI1_IRQHandler  stm32f4xx_it.o
    0x080016dc   0x00000006   Code   RO         5694    i.EXTI3_IRQHandler  stm32f4xx_it.o
    0x080016e2   0x00000004   Code   RO         6459    i.GMTxIOPool_getId  drivers_canmotor.o
    0x080016e6   0x00000002   PAD
    0x080016e8   0x00000080   Code   RO         7303    i.GYRO_RST          application_motorcontrol.o
    0x08001768   0x0000000c   Code   RO         6624    i.GetFrictionState  drivers_uartrc.o
    0x08001774   0x0000000c   Code   RO         6625    i.GetInputMode      drivers_uartrc.o
    0x08001780   0x0000000c   Code   RO         7561    i.GetQuadEncoderDiff  tasks_platemotor.o
    0x0800178c   0x00000058   Code   RO         6627    i.GetRemoteSwitchAction  drivers_uartrc.o
    0x080017e4   0x0000000c   Code   RO         6629    i.GetShootState     drivers_uartrc.o
    0x080017f0   0x0000000c   Code   RO         7444    i.GetWorkState      tasks_timed.o
    0x080017fc   0x000000f8   Code   RO         1777    i.HAL_CAN_ConfigFilter  stm32f4xx_hal_can.o
    0x080018f4   0x00000002   Code   RO         1779    i.HAL_CAN_ErrorCallback  stm32f4xx_hal_can.o
    0x080018f6   0x00000002   PAD
    0x080018f8   0x000001b0   Code   RO         1782    i.HAL_CAN_IRQHandler  stm32f4xx_hal_can.o
    0x08001aa8   0x00000148   Code   RO         1783    i.HAL_CAN_Init      stm32f4xx_hal_can.o
    0x08001bf0   0x000000e0   Code   RO         5577    i.HAL_CAN_MspInit   can.o
    0x08001cd0   0x0000004a   Code   RO         1787    i.HAL_CAN_Receive_IT  stm32f4xx_hal_can.o
    0x08001d1a   0x00000002   PAD
    0x08001d1c   0x00000220   Code   RO         6462    i.HAL_CAN_RxCpltCallback  drivers_canmotor.o
    0x08001f3c   0x000000fe   Code   RO         1791    i.HAL_CAN_Transmit_IT  stm32f4xx_hal_can.o
    0x0800203a   0x00000002   PAD
    0x0800203c   0x0000002c   Code   RO         6463    i.HAL_CAN_TxCpltCallback  drivers_canmotor.o
    0x08002068   0x0000008e   Code   RO          162    i.HAL_DMA_Abort     stm32f4xx_hal_dma.o
    0x080020f6   0x00000024   Code   RO          163    i.HAL_DMA_Abort_IT  stm32f4xx_hal_dma.o
    0x0800211a   0x00000002   PAD
    0x0800211c   0x000001a8   Code   RO          167    i.HAL_DMA_IRQHandler  stm32f4xx_hal_dma.o
    0x080022c4   0x000000d4   Code   RO          168    i.HAL_DMA_Init      stm32f4xx_hal_dma.o
    0x08002398   0x00000078   Code   RO          172    i.HAL_DMA_Start_IT  stm32f4xx_hal_dma.o
    0x08002410   0x0000001c   Code   RO         2625    i.HAL_Delay         stm32f4xx_hal.o
    0x0800242c   0x00000064   Code   RO         6121    i.HAL_GPIO_EXTI_Callback  peripheral_gpio.o
    0x08002490   0x00000018   Code   RO         2554    i.HAL_GPIO_EXTI_IRQHandler  stm32f4xx_hal_gpio.o
    0x080024a8   0x000001cc   Code   RO         2555    i.HAL_GPIO_Init     stm32f4xx_hal_gpio.o
    0x08002674   0x0000000a   Code   RO         2559    i.HAL_GPIO_WritePin  stm32f4xx_hal_gpio.o
    0x0800267e   0x00000002   PAD
    0x08002680   0x0000000c   Code   RO         2633    i.HAL_GetTick       stm32f4xx_hal.o
    0x0800268c   0x00000052   Code   RO         3414    i.HAL_IWDG_Init     stm32f4xx_hal_iwdg.o
    0x080026de   0x0000000c   Code   RO         3415    i.HAL_IWDG_Refresh  stm32f4xx_hal_iwdg.o
    0x080026ea   0x00000002   PAD
    0x080026ec   0x00000010   Code   RO         2635    i.HAL_IncTick       stm32f4xx_hal.o
    0x080026fc   0x00000034   Code   RO         2636    i.HAL_Init          stm32f4xx_hal.o
    0x08002730   0x00000028   Code   RO         2637    i.HAL_InitTick      stm32f4xx_hal.o
    0x08002758   0x00000058   Code   RO         5861    i.HAL_MspInit       stm32f4xx_hal_msp.o
    0x080027b0   0x00000016   Code   RO          274    i.HAL_NVIC_EnableIRQ  stm32f4xx_hal_cortex.o
    0x080027c6   0x00000002   PAD
    0x080027c8   0x00000040   Code   RO          280    i.HAL_NVIC_SetPriority  stm32f4xx_hal_cortex.o
    0x08002808   0x00000024   Code   RO          281    i.HAL_NVIC_SetPriorityGrouping  stm32f4xx_hal_cortex.o
    0x0800282c   0x00000008   Code   RO          404    i.HAL_PCDEx_SetRxFiFo  stm32f4xx_hal_pcd_ex.o
    0x08002834   0x00000044   Code   RO          405    i.HAL_PCDEx_SetTxFiFo  stm32f4xx_hal_pcd_ex.o
    0x08002878   0x00000008   Code   RO         5107    i.HAL_PCD_ConnectCallback  usbd_conf.o
    0x08002880   0x00000012   Code   RO         5108    i.HAL_PCD_DataInStageCallback  usbd_conf.o
    0x08002892   0x00000014   Code   RO         5109    i.HAL_PCD_DataOutStageCallback  usbd_conf.o
    0x080028a6   0x00000008   Code   RO         5110    i.HAL_PCD_DisconnectCallback  usbd_conf.o
    0x080028ae   0x00000044   Code   RO          930    i.HAL_PCD_EP_Close  stm32f4xx_hal_pcd.o
    0x080028f2   0x00000050   Code   RO          931    i.HAL_PCD_EP_ClrStall  stm32f4xx_hal_pcd.o
    0x08002942   0x00000014   Code   RO          933    i.HAL_PCD_EP_GetRxCount  stm32f4xx_hal_pcd.o
    0x08002956   0x00000054   Code   RO          934    i.HAL_PCD_EP_Open   stm32f4xx_hal_pcd.o
    0x080029aa   0x00000048   Code   RO          935    i.HAL_PCD_EP_Receive  stm32f4xx_hal_pcd.o
    0x080029f2   0x00000060   Code   RO          936    i.HAL_PCD_EP_SetStall  stm32f4xx_hal_pcd.o
    0x08002a52   0x00000040   Code   RO          937    i.HAL_PCD_EP_Transmit  stm32f4xx_hal_pcd.o
    0x08002a92   0x00000002   PAD
    0x08002a94   0x000004f4   Code   RO          939    i.HAL_PCD_IRQHandler  stm32f4xx_hal_pcd.o
    0x08002f88   0x00000008   Code   RO         5111    i.HAL_PCD_ISOINIncompleteCallback  usbd_conf.o
    0x08002f90   0x00000008   Code   RO         5112    i.HAL_PCD_ISOOUTIncompleteCallback  usbd_conf.o
    0x08002f98   0x000000be   Code   RO          942    i.HAL_PCD_Init      stm32f4xx_hal_pcd.o
    0x08003056   0x00000002   PAD
    0x08003058   0x00000064   Code   RO         5114    i.HAL_PCD_MspInit   usbd_conf.o
    0x080030bc   0x00000020   Code   RO         5115    i.HAL_PCD_ResetCallback  usbd_conf.o
    0x080030dc   0x00000008   Code   RO         5116    i.HAL_PCD_ResumeCallback  usbd_conf.o
    0x080030e4   0x00000008   Code   RO         5117    i.HAL_PCD_SOFCallback  usbd_conf.o
    0x080030ec   0x00000024   Code   RO          948    i.HAL_PCD_SetAddress  stm32f4xx_hal_pcd.o
    0x08003110   0x0000000e   Code   RO         5118    i.HAL_PCD_SetupStageCallback  usbd_conf.o
    0x0800311e   0x0000002a   Code   RO          950    i.HAL_PCD_Start     stm32f4xx_hal_pcd.o
    0x08003148   0x00000030   Code   RO         5119    i.HAL_PCD_SuspendCallback  usbd_conf.o
    0x08003178   0x0000017c   Code   RO         2219    i.HAL_RCC_ClockConfig  stm32f4xx_hal_rcc.o
    0x080032f4   0x0000000c   Code   RO         2224    i.HAL_RCC_GetHCLKFreq  stm32f4xx_hal_rcc.o
    0x08003300   0x00000030   Code   RO         2226    i.HAL_RCC_GetPCLK1Freq  stm32f4xx_hal_rcc.o
    0x08003330   0x00000030   Code   RO         2227    i.HAL_RCC_GetPCLK2Freq  stm32f4xx_hal_rcc.o
    0x08003360   0x00000074   Code   RO         2228    i.HAL_RCC_GetSysClockFreq  stm32f4xx_hal_rcc.o
    0x080033d4   0x00000314   Code   RO         2231    i.HAL_RCC_OscConfig  stm32f4xx_hal_rcc.o
    0x080036e8   0x00000080   Code   RO         1912    i.HAL_SPI_Init      stm32f4xx_hal_spi.o
    0x08003768   0x0000004c   Code   RO         5886    i.HAL_SPI_MspInit   spi.o
    0x080037b4   0x00000150   Code   RO         1915    i.HAL_SPI_Receive   stm32f4xx_hal_spi.o
    0x08003904   0x00000168   Code   RO         1920    i.HAL_SPI_Transmit  stm32f4xx_hal_spi.o
    0x08003a6c   0x000001d8   Code   RO         1921    i.HAL_SPI_TransmitReceive  stm32f4xx_hal_spi.o
    0x08003c44   0x00000018   Code   RO          283    i.HAL_SYSTICK_CLKSourceConfig  stm32f4xx_hal_cortex.o
    0x08003c5c   0x00000028   Code   RO          285    i.HAL_SYSTICK_Config  stm32f4xx_hal_cortex.o
    0x08003c84   0x00000002   Code   RO         1437    i.HAL_TIMEx_BreakCallback  stm32f4xx_hal_tim_ex.o
    0x08003c86   0x00000002   Code   RO         1438    i.HAL_TIMEx_CommutationCallback  stm32f4xx_hal_tim_ex.o
    0x08003c88   0x0000005a   Code   RO         1439    i.HAL_TIMEx_ConfigBreakDeadTime  stm32f4xx_hal_tim_ex.o
    0x08003ce2   0x00000050   Code   RO         1454    i.HAL_TIMEx_MasterConfigSynchronization  stm32f4xx_hal_tim_ex.o
    0x08003d32   0x00000036   Code   RO         2785    i.HAL_TIM_Base_Init  stm32f4xx_hal_tim.o
    0x08003d68   0x000000b0   Code   RO         5297    i.HAL_TIM_Base_MspInit  tim.o
    0x08003e18   0x000000f2   Code   RO         2794    i.HAL_TIM_ConfigClockSource  stm32f4xx_hal_tim.o
    0x08003f0a   0x00000096   Code   RO         2803    i.HAL_TIM_Encoder_Init  stm32f4xx_hal_tim.o
    0x08003fa0   0x00000002   Code   RO         2805    i.HAL_TIM_Encoder_MspInit  stm32f4xx_hal_tim.o
    0x08003fa2   0x00000002   PAD
    0x08003fa4   0x00000034   Code   RO         2806    i.HAL_TIM_Encoder_Start  stm32f4xx_hal_tim.o
    0x08003fd8   0x00000002   Code   RO         2814    i.HAL_TIM_IC_CaptureCallback  stm32f4xx_hal_tim.o
    0x08003fda   0x00000166   Code   RO         2827    i.HAL_TIM_IRQHandler  stm32f4xx_hal_tim.o
    0x08004140   0x000000f8   Code   RO         5298    i.HAL_TIM_MspPostInit  tim.o
    0x08004238   0x00000002   Code   RO         2830    i.HAL_TIM_OC_DelayElapsedCallback  stm32f4xx_hal_tim.o
    0x0800423a   0x000000d0   Code   RO         2851    i.HAL_TIM_PWM_ConfigChannel  stm32f4xx_hal_tim.o
    0x0800430a   0x00000036   Code   RO         2854    i.HAL_TIM_PWM_Init  stm32f4xx_hal_tim.o
    0x08004340   0x00000048   Code   RO         5300    i.HAL_TIM_PWM_MspInit  tim.o
    0x08004388   0x00000002   Code   RO         2857    i.HAL_TIM_PWM_PulseFinishedCallback  stm32f4xx_hal_tim.o
    0x0800438a   0x00000002   PAD
    0x0800438c   0x00000038   Code   RO         2858    i.HAL_TIM_PWM_Start  stm32f4xx_hal_tim.o
    0x080043c4   0x0000005c   Code   RO         2861    i.HAL_TIM_PWM_Stop  stm32f4xx_hal_tim.o
    0x08004420   0x00000024   Code   RO         6197    i.HAL_TIM_PeriodElapsedCallback  utilities_tim.o
    0x08004444   0x00000002   Code   RO         2868    i.HAL_TIM_TriggerCallback  stm32f4xx_hal_tim.o
    0x08004446   0x00000044   Code   RO          444    i.HAL_UART_AbortReceive  stm32f4xx_hal_uart.o
    0x0800448a   0x00000002   Code   RO          455    i.HAL_UART_ErrorCallback  stm32f4xx_hal_uart.o
    0x0800448c   0x00000110   Code   RO          458    i.HAL_UART_IRQHandler  stm32f4xx_hal_uart.o
    0x0800459c   0x00000062   Code   RO          459    i.HAL_UART_Init     stm32f4xx_hal_uart.o
    0x080045fe   0x00000002   PAD
    0x08004600   0x000001d8   Code   RO         5393    i.HAL_UART_MspInit  usart.o
    0x080047d8   0x00000098   Code   RO          463    i.HAL_UART_Receive_DMA  stm32f4xx_hal_uart.o
    0x08004870   0x0000002c   Code   RO         6596    i.HAL_UART_RxCpltCallback  drivers_uart.o
    0x0800489c   0x00000002   Code   RO          466    i.HAL_UART_RxHalfCpltCallback  stm32f4xx_hal_uart.o
    0x0800489e   0x000000ba   Code   RO          467    i.HAL_UART_Transmit  stm32f4xx_hal_uart.o
    0x08004958   0x00000002   Code   RO          470    i.HAL_UART_TxCpltCallback  stm32f4xx_hal_uart.o
    0x0800495a   0x00000002   Code   RO         5695    i.HardFault_Handler  stm32f4xx_it.o
    0x0800495c   0x00000114   Code   RO         6294    i.IMUTask           drivers_imu.o
    0x08004a70   0x00000040   Code   RO         6296    i.IST_Reg_Read_By_MPU  drivers_imu.o
    0x08004ab0   0x00000042   Code   RO         6297    i.IST_Reg_Write_By_MPU  drivers_imu.o
    0x08004af2   0x00000002   PAD
    0x08004af4   0x000000d8   Code   RO         6464    i.InitCanReception  drivers_canmotor.o
    0x08004bcc   0x00000100   Code   RO         6298    i.InitIST8310       drivers_imu.o
    0x08004ccc   0x00000054   Code   RO         7077    i.InitJudgeUart     drivers_uartjudge.o
    0x08004d20   0x00000050   Code   RO         6299    i.InitMPU6500       drivers_imu.o
    0x08004d70   0x0000009c   Code   RO         6821    i.InitManifoldUart  drivers_uartupper.o
    0x08004e0c   0x0000005c   Code   RO         6631    i.InitRemoteControl  drivers_uartrc.o
    0x08004e68   0x00000034   Code   RO         6235    i.InitUserTimer     peripheral_tim.o
    0x08004e9c   0x00000040   Code   RO         7078    i.Judge_Refresh     drivers_uartjudge.o
    0x08004edc   0x00000050   Code   RO         6300    i.MPU6500_Read_Reg  drivers_imu.o
    0x08004f2c   0x00000054   Code   RO         6304    i.MPU6500_Write_Reg  drivers_imu.o
    0x08004f80   0x0000008e   Code   RO         6305    i.MPU_Auto_Read_IST_config  drivers_imu.o
    0x0800500e   0x00000002   PAD
    0x08005010   0x00000058   Code   RO         5578    i.MX_CAN1_Init      can.o
    0x08005068   0x00000058   Code   RO         5579    i.MX_CAN2_Init      can.o
    0x080050c0   0x0000005c   Code   RO         5837    i.MX_DMA_Init       dma.o
    0x0800511c   0x00000040   Code   RO         4964    i.MX_FREERTOS_Init  freertos.o
    0x0800515c   0x000001ec   Code   RO         5625    i.MX_GPIO_Init      gpio.o
    0x08005348   0x00000040   Code   RO         5927    i.MX_IWDG_Init      iwdg.o
    0x08005388   0x0000005c   Code   RO         5887    i.MX_SPI5_Init      spi.o
    0x080053e4   0x000000b4   Code   RO         5301    i.MX_TIM12_Init     tim.o
    0x08005498   0x000000e0   Code   RO         5302    i.MX_TIM2_Init      tim.o
    0x08005578   0x000000a8   Code   RO         5303    i.MX_TIM3_Init      tim.o
    0x08005620   0x000000e4   Code   RO         5304    i.MX_TIM4_Init      tim.o
    0x08005704   0x000000ac   Code   RO         5305    i.MX_TIM5_Init      tim.o
    0x080057b0   0x0000005c   Code   RO         5306    i.MX_TIM6_Init      tim.o
    0x0800580c   0x0000011c   Code   RO         5307    i.MX_TIM8_Init      tim.o
    0x08005928   0x00000058   Code   RO         5394    i.MX_USART1_UART_Init  usart.o
    0x08005980   0x0000004c   Code   RO         5395    i.MX_USART2_UART_Init  usart.o
    0x080059cc   0x0000004c   Code   RO         5396    i.MX_USART3_UART_Init  usart.o
    0x08005a18   0x0000004c   Code   RO         5397    i.MX_USART6_UART_Init  usart.o
    0x08005a64   0x00000038   Code   RO         5649    i.MX_USB_DEVICE_Init  usb_device.o
    0x08005a9c   0x00000028   Code   RO         7334    i.ManifoldUartTask  tasks_upper.o
    0x08005ac4   0x00000002   Code   RO         5696    i.MemManage_Handler  stm32f4xx_it.o
    0x08005ac6   0x00000002   PAD
    0x08005ac8   0x00000490   Code   RO         7399    i.MouseKeyControlProcess  tasks_remotecontrol.o
    0x08005f58   0x00000198   Code   RO         6633    i.MouseShootControl  drivers_uartrc.o
    0x080060f0   0x00000002   Code   RO         5697    i.NMI_Handler       stm32f4xx_it.o
    0x080060f2   0x00000020   Code   RO          287    i.NVIC_SetPriority  stm32f4xx_hal_cortex.o
    0x08006112   0x00000002   PAD
    0x08006114   0x0000000c   Code   RO         5698    i.OTG_FS_IRQHandler  stm32f4xx_it.o
    0x08006120   0x00000088   Code   RO          953    i.PCD_WriteEmptyTxFifo  stm32f4xx_hal_pcd.o
    0x080061a8   0x00000048   Code   RO         6999    i.PID_PROCESS_Double  pid_regulator.o
    0x080061f0   0x000001ac   Code   RO         7562    i.PlateMotorTask    tasks_platemotor.o
    0x0800639c   0x00000050   Code   RO         7000    i.ProcessPitchPID   pid_regulator.o
    0x080063ec   0x00000050   Code   RO         7001    i.ProcessYawPID     pid_regulator.o
    0x0800643c   0x0000016c   Code   RO         7400    i.RControlTask      tasks_remotecontrol.o
    0x080065a8   0x000000c4   Code   RO         7401    i.RemoteControlProcess  tasks_remotecontrol.o
    0x0800666c   0x000000d4   Code   RO         7402    i.RemoteDataProcess  tasks_remotecontrol.o
    0x08006740   0x00000110   Code   RO         6634    i.RemoteShootControl  drivers_uartrc.o
    0x08006850   0x0000004c   Code   RO         6635    i.RemoteTaskInit    drivers_uartrc.o
    0x0800689c   0x0000006c   Code   RO         7445    i.RuneShootControl  tasks_timed.o
    0x08006908   0x00000020   Code   RO         1936    i.SPI_CheckFlag_BSY  stm32f4xx_hal_spi.o
    0x08006928   0x00000096   Code   RO         1954    i.SPI_WaitFlagStateUntilTimeout  stm32f4xx_hal_spi.o
    0x080069be   0x00000002   PAD
    0x080069c0   0x0000000c   Code   RO         6637    i.SetFrictionState  drivers_uartrc.o
    0x080069cc   0x00000010   Code   RO         6638    i.SetFrictionWheelSpeed  drivers_uartrc.o
    0x080069dc   0x0000001c   Code   RO         6639    i.SetInputMode      drivers_uartrc.o
    0x080069f8   0x0000000c   Code   RO         6641    i.SetShootMode      drivers_uartrc.o
    0x08006a04   0x0000000c   Code   RO         6642    i.SetShootState     drivers_uartrc.o
    0x08006a10   0x0000000c   Code   RO         6643    i.SetSlabState      drivers_uartrc.o
    0x08006a1c   0x0000002c   Code   RO         7563    i.ShootOneBullet    tasks_platemotor.o
    0x08006a48   0x00000038   Code   RO         7564    i.ShootRefModify    tasks_platemotor.o
    0x08006a80   0x0000004c   Code   RO         6824    i.ShootRune         drivers_uartupper.o
    0x08006acc   0x0000000c   Code   RO         4965    i.StartDefaultTask  freertos.o
    0x08006ad8   0x0000000e   Code   RO         5699    i.SysTick_Handler   stm32f4xx_it.o
    0x08006ae6   0x00000002   PAD
    0x08006ae8   0x000000a8   Code   RO         5030    i.SystemClock_Config  main.o
    0x08006b90   0x00000054   Code   RO            5    i.SystemInit        system_stm32f4xx.o
    0x08006be4   0x0000000c   Code   RO         5700    i.TIM6_DAC_IRQHandler  stm32f4xx_it.o
    0x08006bf0   0x000000c0   Code   RO         2869    i.TIM_Base_SetConfig  stm32f4xx_hal_tim.o
    0x08006cb0   0x00000016   Code   RO         2870    i.TIM_CCxChannelCmd  stm32f4xx_hal_tim.o
    0x08006cc6   0x00000014   Code   RO         2876    i.TIM_ETR_SetConfig  stm32f4xx_hal_tim.o
    0x08006cda   0x00000010   Code   RO         2877    i.TIM_ITRx_SetConfig  stm32f4xx_hal_tim.o
    0x08006cea   0x00000002   PAD
    0x08006cec   0x00000058   Code   RO         2878    i.TIM_OC1_SetConfig  stm32f4xx_hal_tim.o
    0x08006d44   0x00000064   Code   RO         2879    i.TIM_OC2_SetConfig  stm32f4xx_hal_tim.o
    0x08006da8   0x00000060   Code   RO         2880    i.TIM_OC3_SetConfig  stm32f4xx_hal_tim.o
    0x08006e08   0x00000050   Code   RO         2881    i.TIM_OC4_SetConfig  stm32f4xx_hal_tim.o
    0x08006e58   0x00000022   Code   RO         2883    i.TIM_TI1_ConfigInputStage  stm32f4xx_hal_tim.o
    0x08006e7a   0x00000024   Code   RO         2885    i.TIM_TI2_ConfigInputStage  stm32f4xx_hal_tim.o
    0x08006e9e   0x00000002   PAD
    0x08006ea0   0x000000cc   Code   RO         7446    i.Timer_2ms_lTask   tasks_timed.o
    0x08006f6c   0x00000150   Code   RO         6465    i.TransmitCMGMCan   drivers_canmotor.o
    0x080070bc   0x000000cc   Code   RO         6466    i.TransmitGYROCAN   drivers_canmotor.o
    0x08007188   0x00000010   Code   RO          472    i.UART_DMAAbortOnError  stm32f4xx_hal_uart.o
    0x08007198   0x0000004a   Code   RO          473    i.UART_DMAError     stm32f4xx_hal_uart.o
    0x080071e2   0x0000003c   Code   RO          474    i.UART_DMAReceiveCplt  stm32f4xx_hal_uart.o
    0x0800721e   0x0000000a   Code   RO          476    i.UART_DMARxHalfCplt  stm32f4xx_hal_uart.o
    0x08007228   0x0000001c   Code   RO          482    i.UART_EndRxTransfer  stm32f4xx_hal_uart.o
    0x08007244   0x00000012   Code   RO          483    i.UART_EndTxTransfer  stm32f4xx_hal_uart.o
    0x08007256   0x0000008c   Code   RO          484    i.UART_Receive_IT   stm32f4xx_hal_uart.o
    0x080072e2   0x00000002   PAD
    0x080072e4   0x000002ac   Code   RO          485    i.UART_SetConfig    stm32f4xx_hal_uart.o
    0x08007590   0x00000062   Code   RO          486    i.UART_Transmit_IT  stm32f4xx_hal_uart.o
    0x080075f2   0x00000064   Code   RO          487    i.UART_WaitOnFlagUntilTimeout  stm32f4xx_hal_uart.o
    0x08007656   0x00000002   PAD
    0x08007658   0x0000000c   Code   RO         5701    i.USART1_IRQHandler  stm32f4xx_it.o
    0x08007664   0x0000000c   Code   RO         5702    i.USART2_IRQHandler  stm32f4xx_it.o
    0x08007670   0x0000000c   Code   RO         5703    i.USART6_IRQHandler  stm32f4xx_it.o
    0x0800767c   0x00000014   Code   RO         4730    i.USBD_CDC_DataIn   usbd_cdc.o
    0x08007690   0x0000002e   Code   RO         4731    i.USBD_CDC_DataOut  usbd_cdc.o
    0x080076be   0x0000003c   Code   RO         4732    i.USBD_CDC_DeInit   usbd_cdc.o
    0x080076fa   0x00000024   Code   RO         4733    i.USBD_CDC_EP0_RxReady  usbd_cdc.o
    0x0800771e   0x00000002   PAD
    0x08007720   0x0000000c   Code   RO         4734    i.USBD_CDC_GetDeviceQualifierDescriptor  usbd_cdc.o
    0x0800772c   0x0000000c   Code   RO         4735    i.USBD_CDC_GetFSCfgDesc  usbd_cdc.o
    0x08007738   0x0000000c   Code   RO         4736    i.USBD_CDC_GetHSCfgDesc  usbd_cdc.o
    0x08007744   0x0000000c   Code   RO         4737    i.USBD_CDC_GetOtherSpeedCfgDesc  usbd_cdc.o
    0x08007750   0x00000088   Code   RO         4738    i.USBD_CDC_Init     usbd_cdc.o
    0x080077d8   0x00000028   Code   RO         4739    i.USBD_CDC_ReceivePacket  usbd_cdc.o
    0x08007800   0x00000010   Code   RO         4740    i.USBD_CDC_RegisterInterface  usbd_cdc.o
    0x08007810   0x0000000c   Code   RO         4741    i.USBD_CDC_SetRxBuffer  usbd_cdc.o
    0x0800781c   0x00000010   Code   RO         4742    i.USBD_CDC_SetTxBuffer  usbd_cdc.o
    0x0800782c   0x00000070   Code   RO         4743    i.USBD_CDC_Setup    usbd_cdc.o
    0x0800789c   0x0000000e   Code   RO         4571    i.USBD_ClrClassConfig  usbd_core.o
    0x080078aa   0x00000010   Code   RO         4840    i.USBD_CtlContinueRx  usbd_ioreq.o
    0x080078ba   0x00000010   Code   RO         4841    i.USBD_CtlContinueSendData  usbd_ioreq.o
    0x080078ca   0x00000016   Code   RO         4900    i.USBD_CtlError     usbd_ctlreq.o
    0x080078e0   0x0000001e   Code   RO         4842    i.USBD_CtlPrepareRx  usbd_ioreq.o
    0x080078fe   0x00000016   Code   RO         4843    i.USBD_CtlReceiveStatus  usbd_ioreq.o
    0x08007914   0x0000001a   Code   RO         4844    i.USBD_CtlSendData  usbd_ioreq.o
    0x0800792e   0x00000016   Code   RO         4845    i.USBD_CtlSendStatus  usbd_ioreq.o
    0x08007944   0x00000020   Code   RO         5508    i.USBD_FS_ConfigStrDescriptor  usbd_desc.o
    0x08007964   0x0000000c   Code   RO         5509    i.USBD_FS_DeviceDescriptor  usbd_desc.o
    0x08007970   0x00000024   Code   RO         5510    i.USBD_FS_InterfaceStrDescriptor  usbd_desc.o
    0x08007994   0x0000000c   Code   RO         5511    i.USBD_FS_LangIDStrDescriptor  usbd_desc.o
    0x080079a0   0x00000028   Code   RO         5512    i.USBD_FS_ManufacturerStrDescriptor  usbd_desc.o
    0x080079c8   0x0000002c   Code   RO         5513    i.USBD_FS_ProductStrDescriptor  usbd_desc.o
    0x080079f4   0x00000024   Code   RO         5514    i.USBD_FS_SerialStrDescriptor  usbd_desc.o
    0x08007a18   0x000000e0   Code   RO         4901    i.USBD_GetDescriptor  usbd_ctlreq.o
    0x08007af8   0x00000046   Code   RO         4902    i.USBD_GetString    usbd_ctlreq.o
    0x08007b3e   0x0000002a   Code   RO         4573    i.USBD_Init         usbd_core.o
    0x08007b68   0x00000020   Code   RO         5120    i.USBD_LL_ClearStallEP  usbd_conf.o
    0x08007b88   0x00000020   Code   RO         5121    i.USBD_LL_CloseEP   usbd_conf.o
    0x08007ba8   0x000000aa   Code   RO         4574    i.USBD_LL_DataInStage  usbd_core.o
    0x08007c52   0x0000006a   Code   RO         4575    i.USBD_LL_DataOutStage  usbd_core.o
    0x08007cbc   0x00000004   Code   RO         4576    i.USBD_LL_DevConnected  usbd_core.o
    0x08007cc0   0x00000016   Code   RO         4577    i.USBD_LL_DevDisconnected  usbd_core.o
    0x08007cd6   0x00000008   Code   RO         5125    i.USBD_LL_GetRxDataSize  usbd_conf.o
    0x08007cde   0x00000002   PAD
    0x08007ce0   0x0000007c   Code   RO         5126    i.USBD_LL_Init      usbd_conf.o
    0x08007d5c   0x00000020   Code   RO         5127    i.USBD_LL_IsStallEP  usbd_conf.o
    0x08007d7c   0x00000004   Code   RO         4578    i.USBD_LL_IsoINIncomplete  usbd_core.o
    0x08007d80   0x00000004   Code   RO         4579    i.USBD_LL_IsoOUTIncomplete  usbd_core.o
    0x08007d84   0x00000026   Code   RO         5128    i.USBD_LL_OpenEP    usbd_conf.o
    0x08007daa   0x00000020   Code   RO         5129    i.USBD_LL_PrepareReceive  usbd_conf.o
    0x08007dca   0x0000003e   Code   RO         4580    i.USBD_LL_Reset     usbd_core.o
    0x08007e08   0x0000000c   Code   RO         4581    i.USBD_LL_Resume    usbd_core.o
    0x08007e14   0x00000018   Code   RO         4582    i.USBD_LL_SOF       usbd_core.o
    0x08007e2c   0x00000006   Code   RO         4583    i.USBD_LL_SetSpeed  usbd_core.o
    0x08007e32   0x00000020   Code   RO         5130    i.USBD_LL_SetUSBAddress  usbd_conf.o
    0x08007e52   0x0000005a   Code   RO         4584    i.USBD_LL_SetupStage  usbd_core.o
    0x08007eac   0x00000020   Code   RO         5131    i.USBD_LL_StallEP   usbd_conf.o
    0x08007ecc   0x00000020   Code   RO         5132    i.USBD_LL_Start     usbd_conf.o
    0x08007eec   0x00000012   Code   RO         4585    i.USBD_LL_Suspend   usbd_core.o
    0x08007efe   0x00000020   Code   RO         5134    i.USBD_LL_Transmit  usbd_conf.o
    0x08007f1e   0x00000028   Code   RO         4903    i.USBD_ParseSetupRequest  usbd_ctlreq.o
    0x08007f46   0x00000010   Code   RO         4586    i.USBD_RegisterClass  usbd_core.o
    0x08007f56   0x00000016   Code   RO         4588    i.USBD_SetClassConfig  usbd_core.o
    0x08007f6c   0x00000074   Code   RO         4904    i.USBD_SetConfig    usbd_ctlreq.o
    0x08007fe0   0x0000000a   Code   RO         4589    i.USBD_Start        usbd_core.o
    0x08007fea   0x000000f2   Code   RO         4905    i.USBD_StdDevReq    usbd_ctlreq.o
    0x080080dc   0x000000dc   Code   RO         4906    i.USBD_StdEPReq     usbd_ctlreq.o
    0x080081b8   0x00000034   Code   RO         4907    i.USBD_StdItfReq    usbd_ctlreq.o
    0x080081ec   0x00000080   Code   RO         1155    i.USB_ActivateEndpoint  stm32f4xx_ll_usb.o
    0x0800826c   0x00000034   Code   RO         1156    i.USB_ActivateSetup  stm32f4xx_ll_usb.o
    0x080082a0   0x0000006c   Code   RO         1158    i.USB_CoreInit      stm32f4xx_ll_usb.o
    0x0800830c   0x00000038   Code   RO         1159    i.USB_CoreReset     stm32f4xx_ll_usb.o
    0x08008344   0x000000c8   Code   RO         1161    i.USB_DeactivateEndpoint  stm32f4xx_ll_usb.o
    0x0800840c   0x00000018   Code   RO         1162    i.USB_DevConnect    stm32f4xx_ll_usb.o
    0x08008424   0x00000018   Code   RO         1163    i.USB_DevDisconnect  stm32f4xx_ll_usb.o
    0x0800843c   0x00000140   Code   RO         1164    i.USB_DevInit       stm32f4xx_ll_usb.o
    0x0800857c   0x0000000c   Code   RO         1165    i.USB_DisableGlobalInt  stm32f4xx_ll_usb.o
    0x08008588   0x00000140   Code   RO         1168    i.USB_EP0StartXfer  stm32f4xx_ll_usb.o
    0x080086c8   0x0000003e   Code   RO         1169    i.USB_EP0_OutStart  stm32f4xx_ll_usb.o
    0x08008706   0x00000064   Code   RO         1170    i.USB_EPClearStall  stm32f4xx_ll_usb.o
    0x0800876a   0x0000005e   Code   RO         1171    i.USB_EPSetStall    stm32f4xx_ll_usb.o
    0x080087c8   0x0000021c   Code   RO         1172    i.USB_EPStartXfer   stm32f4xx_ll_usb.o
    0x080089e4   0x0000000c   Code   RO         1173    i.USB_EnableGlobalInt  stm32f4xx_ll_usb.o
    0x080089f0   0x00000020   Code   RO         1174    i.USB_FlushRxFifo   stm32f4xx_ll_usb.o
    0x08008a10   0x00000024   Code   RO         1175    i.USB_FlushTxFifo   stm32f4xx_ll_usb.o
    0x08008a34   0x0000003c   Code   RO         1177    i.USB_GetDevSpeed   stm32f4xx_ll_usb.o
    0x08008a70   0x00000008   Code   RO         1179    i.USB_GetMode       stm32f4xx_ll_usb.o
    0x08008a78   0x0000000e   Code   RO         1186    i.USB_ReadDevAllInEpInterrupt  stm32f4xx_ll_usb.o
    0x08008a86   0x0000000e   Code   RO         1187    i.USB_ReadDevAllOutEpInterrupt  stm32f4xx_ll_usb.o
    0x08008a94   0x0000001e   Code   RO         1188    i.USB_ReadDevInEPInterrupt  stm32f4xx_ll_usb.o
    0x08008ab2   0x00000010   Code   RO         1189    i.USB_ReadDevOutEPInterrupt  stm32f4xx_ll_usb.o
    0x08008ac2   0x00000008   Code   RO         1190    i.USB_ReadInterrupts  stm32f4xx_ll_usb.o
    0x08008aca   0x00000020   Code   RO         1191    i.USB_ReadPacket    stm32f4xx_ll_usb.o
    0x08008aea   0x0000002c   Code   RO         1193    i.USB_SetCurrentMode  stm32f4xx_ll_usb.o
    0x08008b16   0x00000022   Code   RO         1194    i.USB_SetDevAddress  stm32f4xx_ll_usb.o
    0x08008b38   0x00000028   Code   RO         1198    i.USB_WritePacket   stm32f4xx_ll_usb.o
    0x08008b60   0x00000002   Code   RO         5704    i.UsageFault_Handler  stm32f4xx_it.o
    0x08008b62   0x00000002   PAD
    0x08008b64   0x000001c4   Code   RO         7447    i.WorkStateFSM      tasks_timed.o
    0x08008d28   0x000001c4   Code   RO         7448    i.WorkStateSwitchProcess  tasks_timed.o
    0x08008eec   0x00000004   Code   RO         6467    i.ZGYROTxIOPool_getId  drivers_canmotor.o
    0x08008ef0   0x00000002   Code   RO         5031    i._Error_Handler    main.o
    0x08008ef2   0x00000002   PAD
    0x08008ef4   0x00000020   Code   RO         8138    i.__0printf         mc_w.l(printfa.o)
    0x08008f14   0x00000004   PAD
    0x08008f18   0x00000118   Code   RO         7875    i.__hardfp_floor    m_wm.l(floor.o)
    0x08009030   0x0000000e   Code   RO         8300    i.__scatterload_copy  mc_w.l(handlers.o)
    0x0800903e   0x00000002   Code   RO         8301    i.__scatterload_null  mc_w.l(handlers.o)
    0x08009040   0x0000000e   Code   RO         8302    i.__scatterload_zeroinit  mc_w.l(handlers.o)
    0x0800904e   0x00000002   PAD
    0x08009050   0x00000164   Code   RO         8145    i._fp_digits        mc_w.l(printfa.o)
    0x080091b4   0x000006dc   Code   RO         8146    i._printf_core      mc_w.l(printfa.o)
    0x08009890   0x00000024   Code   RO         8147    i._printf_post_padding  mc_w.l(printfa.o)
    0x080098b4   0x0000002e   Code   RO         8148    i._printf_pre_padding  mc_w.l(printfa.o)
    0x080098e2   0x00000004   Code   RO         6825    i.ctrlUartIOPool_getId  drivers_uartupper.o
    0x080098e6   0x00000002   PAD
    0x080098e8   0x00000018   Code   RO         6158    i.fputc             utilities_debug.o
    0x08009900   0x00000050   Code   RO         8166    i.free              mc_w.l(malloc.o)
    0x08009950   0x00000124   Code   RO         7002    i.fw_PID_Calc       pid_regulator.o
    0x08009a74   0x00000002   Code   RO         7003    i.fw_PID_Reset      pid_regulator.o
    0x08009a76   0x00000002   PAD
    0x08009a78   0x00000034   Code   RO         7449    i.getJudgeState     tasks_timed.o
    0x08009aac   0x0000000c   Code   RO         7565    i.getLaunchMode     tasks_platemotor.o
    0x08009ab8   0x0000000c   Code   RO         7141    i.getPlateMotorDir  drivers_platemotor.o
    0x08009ac4   0x00000068   Code   RO         6182    i.getReadPoolIndexPrototype  utilities_iopool.o
    0x08009b2c   0x0000000c   Code   RO         3560    i.inHandlerMode     cmsis_os.o
    0x08009b38   0x000000ac   Code   RO         7079    i.judgeUartRxCpltCallback  drivers_uartjudge.o
    0x08009be4   0x00000054   Code   RO         6262    i.ledGreenTask      drivers_led.o
    0x08009c38   0x0000004c   Code   RO         6263    i.ledRedTask        drivers_led.o
    0x08009c84   0x00000052   Code   RO         5032    i.main              main.o
    0x08009cd6   0x0000000c   Code   RO         3562    i.makeFreeRtosPriority  cmsis_os.o
    0x08009ce2   0x00000002   PAD
    0x08009ce4   0x0000006c   Code   RO         8167    i.malloc            mc_w.l(malloc.o)
    0x08009d50   0x0000010c   Code   RO         6826    i.manifoldUartRxCpltCallback  drivers_uartupper.o
    0x08009e5c   0x00000018   Code   RO         6399    i.myDelay           drivers_buzzer.o
    0x08009e74   0x0000002c   Code   RO         7080    i.myGet_CRC16_Check_Sum  drivers_uartjudge.o
    0x08009ea0   0x0000001c   Code   RO         7081    i.myGet_CRC8_Check_Sum  drivers_uartjudge.o
    0x08009ebc   0x00000034   Code   RO         7082    i.myVerify_CRC16_Check_Sum  drivers_uartjudge.o
    0x08009ef0   0x00000026   Code   RO         7083    i.myVerify_CRC8_Check_Sum  drivers_uartjudge.o
    0x08009f16   0x0000000e   Code   RO         3564    i.osDelay           cmsis_os.o
    0x08009f24   0x0000000a   Code   RO         3567    i.osKernelStart     cmsis_os.o
    0x08009f2e   0x0000002c   Code   RO         3593    i.osSemaphoreCreate  cmsis_os.o
    0x08009f5a   0x00000002   PAD
    0x08009f5c   0x00000050   Code   RO         3596    i.osSemaphoreRelease  cmsis_os.o
    0x08009fac   0x00000068   Code   RO         3597    i.osSemaphoreWait   cmsis_os.o
    0x0800a014   0x00000014   Code   RO         3600    i.osSystickHandler  cmsis_os.o
    0x0800a028   0x0000002e   Code   RO         3601    i.osThreadCreate    cmsis_os.o
    0x0800a056   0x00000002   PAD
    0x0800a058   0x0000004c   Code   RO         7142    i.plateMotorInit    drivers_platemotor.o
    0x0800a0a4   0x0000006c   Code   RO         6401    i.playMusicWhenInit  drivers_buzzer.o
    0x0800a110   0x00000070   Code   RO         4283    i.prvAddCurrentTaskToDelayedList  tasks.o
    0x0800a180   0x000000d0   Code   RO         4284    i.prvAddNewTaskToReadyList  tasks.o
    0x0800a250   0x00000050   Code   RO         4285    i.prvCheckTasksWaitingTermination  tasks.o
    0x0800a2a0   0x00000026   Code   RO         4040    i.prvCopyDataFromQueue  queue.o
    0x0800a2c6   0x0000006c   Code   RO         4041    i.prvCopyDataToQueue  queue.o
    0x0800a332   0x00000014   Code   RO         4286    i.prvDeleteTCB      tasks.o
    0x0800a346   0x00000002   PAD
    0x0800a348   0x0000004c   Code   RO         4221    i.prvHeapInit       heap_4.o
    0x0800a394   0x00000028   Code   RO         4287    i.prvIdleTask       tasks.o
    0x0800a3bc   0x0000009c   Code   RO         4288    i.prvInitialiseNewTask  tasks.o
    0x0800a458   0x0000004c   Code   RO         4222    i.prvInsertBlockIntoFreeList  heap_4.o
    0x0800a4a4   0x0000001c   Code   RO         4042    i.prvIsQueueEmpty   queue.o
    0x0800a4c0   0x00000020   Code   RO         4289    i.prvResetNextTaskUnblockTime  tasks.o
    0x0800a4e0   0x00000028   Code   RO         3482    i.prvTaskExitError  port.o
    0x0800a508   0x0000006a   Code   RO         4043    i.prvUnlockQueue    queue.o
    0x0800a572   0x00000002   PAD
    0x0800a574   0x000000d8   Code   RO         4223    i.pvPortMalloc      heap_4.o
    0x0800a64c   0x00000018   Code   RO         4291    i.pvTaskIncrementMutexHeldCount  tasks.o
    0x0800a664   0x0000010c   Code   RO         7048    i.pwm_server_motor_init  pwm_server_ motor.o
    0x0800a770   0x000000cc   Code   RO         7049    i.pwm_server_motor_set_angle  pwm_server_ motor.o
    0x0800a83c   0x0000002c   Code   RO         3483    i.pxPortInitialiseStack  port.o
    0x0800a868   0x00000004   Code   RO         6644    i.rcUartIOPool_getId  drivers_uartrc.o
    0x0800a86c   0x00000038   Code   RO         6645    i.rcUartRxCpltCallback  drivers_uartrc.o
    0x0800a8a4   0x00000094   Code   RO         6031    i.rtos_AddSemaphores  rtos_semaphore.o
    0x0800a938   0x000000c0   Code   RO         6060    i.rtos_AddThreads   rtos_task.o
    0x0800a9f8   0x00000044   Code   RO         5957    i.rtos_InitInfantry  rtos_init.o
    0x0800aa3c   0x0000000c   Code   RO         7566    i.setLaunchMode     tasks_platemotor.o
    0x0800aa48   0x00000434   Code   RO         7304    i.setMotor          application_motorcontrol.o
    0x0800ae7c   0x00000044   Code   RO         7143    i.setPlateMotorDir  drivers_platemotor.o
    0x0800aec0   0x00000024   Code   RO         4185    i.uxListRemove      list.o
    0x0800aee4   0x00000002   Code   RO         4966    i.vApplicationStackOverflowHook  freertos.o
    0x0800aee6   0x00000016   Code   RO         4186    i.vListInitialise   list.o
    0x0800aefc   0x00000006   Code   RO         4187    i.vListInitialiseItem  list.o
    0x0800af02   0x00000030   Code   RO         4188    i.vListInsert       list.o
    0x0800af32   0x00000018   Code   RO         4189    i.vListInsertEnd    list.o
    0x0800af4a   0x00000002   PAD
    0x0800af4c   0x00000040   Code   RO         3485    i.vPortEnterCritical  port.o
    0x0800af8c   0x00000028   Code   RO         3486    i.vPortExitCritical  port.o
    0x0800afb4   0x0000005c   Code   RO         4224    i.vPortFree         heap_4.o
    0x0800b010   0x00000020   Code   RO         3487    i.vPortSetupTimerInterrupt  port.o
    0x0800b030   0x00000054   Code   RO         3488    i.vPortValidateInterruptPriority  port.o
    0x0800b084   0x0000004c   Code   RO         4297    i.vTaskDelay        tasks.o
    0x0800b0d0   0x0000008c   Code   RO         4298    i.vTaskDelayUntil   tasks.o
    0x0800b15c   0x0000000c   Code   RO         4301    i.vTaskMissedYield  tasks.o
    0x0800b168   0x00000030   Code   RO         4303    i.vTaskPlaceOnEventList  tasks.o
    0x0800b198   0x00000084   Code   RO         4305    i.vTaskPriorityInherit  tasks.o
    0x0800b21c   0x00000024   Code   RO         4308    i.vTaskSetTimeOutState  tasks.o
    0x0800b240   0x00000068   Code   RO         4309    i.vTaskStartScheduler  tasks.o
    0x0800b2a8   0x00000010   Code   RO         4311    i.vTaskSuspendAll   tasks.o
    0x0800b2b8   0x00000088   Code   RO         4312    i.vTaskSwitchContext  tasks.o
    0x0800b340   0x000000e0   Code   RO         3489    i.xPortStartScheduler  port.o
    0x0800b420   0x0000002c   Code   RO         3490    i.xPortSysTickHandler  port.o
    0x0800b44c   0x0000003a   Code   RO         4050    i.xQueueCreateCountingSemaphore  queue.o
    0x0800b486   0x00000048   Code   RO         4052    i.xQueueGenericCreate  queue.o
    0x0800b4ce   0x00000002   PAD
    0x0800b4d0   0x0000016c   Code   RO         4053    i.xQueueGenericReceive  queue.o
    0x0800b63c   0x00000088   Code   RO         4054    i.xQueueGenericReset  queue.o
    0x0800b6c4   0x00000160   Code   RO         4055    i.xQueueGenericSend  queue.o
    0x0800b824   0x0000009c   Code   RO         4057    i.xQueueGiveFromISR  queue.o
    0x0800b8c0   0x0000009a   Code   RO         4061    i.xQueueReceiveFromISR  queue.o
    0x0800b95a   0x00000002   PAD
    0x0800b95c   0x0000006c   Code   RO         4313    i.xTaskCheckForTimeOut  tasks.o
    0x0800b9c8   0x00000056   Code   RO         4314    i.xTaskCreate       tasks.o
    0x0800ba1e   0x00000002   PAD
    0x0800ba20   0x0000001c   Code   RO         4318    i.xTaskGetSchedulerState  tasks.o
    0x0800ba3c   0x0000000c   Code   RO         4319    i.xTaskGetTickCount  tasks.o
    0x0800ba48   0x000000c8   Code   RO         4321    i.xTaskIncrementTick  tasks.o
    0x0800bb10   0x00000098   Code   RO         4324    i.xTaskPriorityDisinherit  tasks.o
    0x0800bba8   0x00000074   Code   RO         4325    i.xTaskRemoveFromEventList  tasks.o
    0x0800bc1c   0x000000c4   Code   RO         4327    i.xTaskResumeAll    tasks.o
    0x0800bce0   0x000000d4   Code   RO         6834    i.zyLocationInit    drivers_uartupper.o
    0x0800bdb4   0x0000001c   Code   RO         6647    i.zySetLeftMode     drivers_uartrc.o
    0x0800bdd0   0x00000010   Data   RO            6    .constdata          system_stm32f4xx.o
    0x0800bde0   0x00000008   Data   RO            7    .constdata          system_stm32f4xx.o
    0x0800bde8   0x00000008   Data   RO          174    .constdata          stm32f4xx_hal_dma.o
    0x0800bdf0   0x00000014   Data   RO         4967    .constdata          freertos.o
    0x0800be04   0x000000a0   Data   RO         6061    .constdata          rtos_task.o
    0x0800bea4   0x00000014   Data   RO         6307    .constdata          drivers_imu.o
    0x0800beb8   0x00000300   Data   RO         7086    .constdata          drivers_uartjudge.o
    0x0800c1b8   0x0000000c   Data   RO         4968    .conststring        freertos.o
    0x0800c1c4   0x00000069   Data   RO         6062    .conststring        rtos_task.o
    0x0800c22d   0x00000003   PAD
    0x0800c230   0x00000020   Data   RO         8298    Region$$Table       anon$$obj.o


    Execution Region RW_IRAM1 (Base: 0x20000000, Size: 0x00006758, Max: 0x00030000, ABSOLUTE, COMPRESSED[0x0000024c])

    Base Addr    Size         Type   Attr      Idx    E Section Name        Object

    0x20000000   0x00000004   Data   RW            8    .data               system_stm32f4xx.o
    0x20000004   0x00000004   Data   RW         2642    .data               stm32f4xx_hal.o
    0x20000008   0x0000000c   Data   RW         3491    .data               port.o
    0x20000014   0x00000018   Data   RW         4229    .data               heap_4.o
    0x2000002c   0x0000003c   Data   RW         4330    .data               tasks.o
    0x20000068   0x000000db   Data   RW         4745    .data               usbd_cdc.o
    0x20000143   0x00000001   PAD
    0x20000144   0x00000038   Data   RW         4746    .data               usbd_cdc.o
    0x2000017c   0x00000001   Data   RW         4908    .data               usbd_ctlreq.o
    0x2000017d   0x00000003   PAD
    0x20000180   0x00000004   Data   RW         4969    .data               freertos.o
    0x20000184   0x00000010   Data   RW         5457    .data               usbd_cdc_if.o
    0x20000194   0x00000008   Data   RW         5458    .data               usbd_cdc_if.o
    0x2000019c   0x0000001c   Data   RW         5516    .data               usbd_desc.o
    0x200001b8   0x00000016   Data   RW         5517    .data               usbd_desc.o
    0x200001ce   0x00000002   PAD
    0x200001d0   0x00000004   Data   RW         5581    .data               can.o
    0x200001d4   0x00000001   Data   RW         5958    .data               rtos_init.o
    0x200001d5   0x00000003   PAD
    0x200001d8   0x00000024   Data   RW         6034    .data               rtos_semaphore.o
    0x200001fc   0x00000020   Data   RW         6063    .data               rtos_task.o
    0x2000021c   0x00000004   PAD
    0x20000220   0x00000008   Data   RW         6200    .data               utilities_tim.o
    0x20000228   0x00000002   Data   RW         6264    .data               drivers_led.o
    0x2000022a   0x00000002   PAD
    0x2000022c   0x00000022   Data   RW         6308    .data               drivers_imu.o
    0x2000024e   0x0000004c   Data   RW         6405    .data               drivers_buzzer.o
    0x2000029a   0x00000002   PAD
    0x2000029c   0x000000bc   Data   RW         6475    .data               drivers_canmotor.o
    0x20000358   0x00000002   Data   RW         6476    .data               drivers_canmotor.o
    0x2000035a   0x00000003   Data   RW         6477    .data               drivers_canmotor.o
    0x2000035d   0x00000001   PAD
    0x2000035e   0x00000002   Data   RW         6478    .data               drivers_canmotor.o
    0x20000360   0x00000003   Data   RW         6479    .data               drivers_canmotor.o
    0x20000363   0x00000001   PAD
    0x20000364   0x00000002   Data   RW         6480    .data               drivers_canmotor.o
    0x20000366   0x00000003   Data   RW         6481    .data               drivers_canmotor.o
    0x20000369   0x00000001   PAD
    0x2000036a   0x00000002   Data   RW         6482    .data               drivers_canmotor.o
    0x2000036c   0x00000003   Data   RW         6483    .data               drivers_canmotor.o
    0x2000036f   0x00000001   PAD
    0x20000370   0x00000002   Data   RW         6484    .data               drivers_canmotor.o
    0x20000372   0x00000003   Data   RW         6485    .data               drivers_canmotor.o
    0x20000375   0x00000001   PAD
    0x20000376   0x00000002   Data   RW         6486    .data               drivers_canmotor.o
    0x20000378   0x00000003   Data   RW         6487    .data               drivers_canmotor.o
    0x2000037b   0x00000001   PAD
    0x2000037c   0x00000002   Data   RW         6488    .data               drivers_canmotor.o
    0x2000037e   0x00000002   PAD
    0x20000380   0x00000054   Data   RW         6489    .data               drivers_canmotor.o
    0x200003d4   0x00000003   Data   RW         6490    .data               drivers_canmotor.o
    0x200003d7   0x00000001   PAD
    0x200003d8   0x00000002   Data   RW         6491    .data               drivers_canmotor.o
    0x200003da   0x00000002   PAD
    0x200003dc   0x00000054   Data   RW         6492    .data               drivers_canmotor.o
    0x20000430   0x00000003   Data   RW         6493    .data               drivers_canmotor.o
    0x20000433   0x00000001   PAD
    0x20000434   0x00000002   Data   RW         6494    .data               drivers_canmotor.o
    0x20000436   0x00000002   PAD
    0x20000438   0x00000054   Data   RW         6495    .data               drivers_canmotor.o
    0x2000048c   0x00000003   Data   RW         6496    .data               drivers_canmotor.o
    0x2000048f   0x00000001   PAD
    0x20000490   0x00000002   Data   RW         6651    .data               drivers_uartrc.o
    0x20000492   0x00000003   Data   RW         6652    .data               drivers_uartrc.o
    0x20000495   0x00000003   PAD
    0x20000498   0x000000a8   Data   RW         6653    .data               drivers_uartrc.o
    0x20000540   0x00000002   Data   RW         6837    .data               drivers_uartupper.o
    0x20000542   0x00000003   Data   RW         6838    .data               drivers_uartupper.o
    0x20000545   0x00000003   PAD
    0x20000548   0x00000014   Data   RW         6839    .data               drivers_uartupper.o
    0x2000055c   0x00000018   Data   RW         6840    .data               drivers_uartupper.o
    0x20000574   0x00000004   Data   RW         7088    .data               drivers_uartjudge.o
    0x20000578   0x00000001   Data   RW         7090    .data               drivers_uartjudge.o
    0x20000579   0x00000001   Data   RW         7144    .data               drivers_platemotor.o
    0x2000057a   0x00000002   PAD
    0x2000057c   0x0000004c   Data   RW         7226    .data               tasks_motor.o
    0x200005c8   0x0000004c   Data   RW         7227    .data               tasks_motor.o
    0x20000614   0x0000004c   Data   RW         7228    .data               tasks_motor.o
    0x20000660   0x0000004c   Data   RW         7229    .data               tasks_motor.o
    0x200006ac   0x000001c0   Data   RW         7230    .data               tasks_motor.o
    0x2000086c   0x0000000e   Data   RW         7305    .data               application_motorcontrol.o
    0x2000087a   0x00000002   PAD
    0x2000087c   0x00000014   Data   RW         7404    .data               tasks_remotecontrol.o
    0x20000890   0x0000001c   Data   RW         7454    .data               tasks_timed.o
    0x200008ac   0x00000001   Data   RW         7456    .data               tasks_timed.o
    0x200008ad   0x00000004   Data   RW         7457    .data               tasks_timed.o
    0x200008b1   0x00000004   Data   RW         7458    .data               tasks_timed.o
    0x200008b5   0x00000003   PAD
    0x200008b8   0x00000064   Data   RW         7568    .data               tasks_platemotor.o
    0x2000091c   0x00000004   Data   RW         7897    .data               mc_w.l(rand.o)
    0x20000920   0x00000004   Data   RW         8265    .data               mc_w.l(stdout.o)
    0x20000924   0x00000004   Data   RW         8274    .data               mc_w.l(mvars.o)
    0x20000928   0x00000004   Data   RW         8275    .data               mc_w.l(mvars.o)
    0x2000092c   0x00003c00   Zero   RW         4228    .bss                heap_4.o
    0x2000452c   0x000000f0   Zero   RW         4329    .bss                tasks.o
    0x2000461c   0x000003f0   Zero   RW         5135    .bss                usbd_conf.o
    0x20004a0c   0x000001a4   Zero   RW         5308    .bss                tim.o
    0x20004bb0   0x00000220   Zero   RW         5398    .bss                usart.o
    0x20004dd0   0x00000080   Zero   RW         5515    .bss                usbd_desc.o
    0x20004e50   0x00000080   Zero   RW         5580    .bss                can.o
    0x20004ed0   0x00000224   Zero   RW         5650    .bss                usb_device.o
    0x200050f4   0x00000058   Zero   RW         5888    .bss                spi.o
    0x2000514c   0x0000000c   Zero   RW         5928    .bss                iwdg.o
    0x20005158   0x00000028   Zero   RW         6306    .bss                drivers_imu.o
    0x20005180   0x0000000c   Zero   RW         6468    .bss                drivers_canmotor.o
    0x2000518c   0x0000000c   Zero   RW         6469    .bss                drivers_canmotor.o
    0x20005198   0x0000000c   Zero   RW         6470    .bss                drivers_canmotor.o
    0x200051a4   0x0000000c   Zero   RW         6471    .bss                drivers_canmotor.o
    0x200051b0   0x00000012   Zero   RW         6472    .bss                drivers_canmotor.o
    0x200051c2   0x00000012   Zero   RW         6473    .bss                drivers_canmotor.o
    0x200051d4   0x00000048   Zero   RW         6474    .bss                drivers_canmotor.o
    0x2000521c   0x00000036   Zero   RW         6648    .bss                drivers_uartrc.o
    0x20005252   0x00000016   Zero   RW         6649    .bss                drivers_uartrc.o
    0x20005268   0x0000002a   Zero   RW         6835    .bss                drivers_uartupper.o
    0x20005292   0x00000002   PAD
    0x20005294   0x00000052   Zero   RW         6836    .bss                drivers_uartupper.o
    0x200052e6   0x00000002   PAD
    0x200052e8   0x00000040   Zero   RW         7084    .bss                drivers_uartjudge.o
    0x20005328   0x00000017   Zero   RW         7403    .bss                tasks_remotecontrol.o
    0x2000533f   0x00000001   PAD
    0x20005340   0x00000018   Zero   RW         7450    .bss                tasks_timed.o
    0x20005358   0x00001000   Zero   RW          150    HEAP                startup_stm32f427xx.o
    0x20006358   0x00000400   Zero   RW          149    STACK               startup_stm32f427xx.o


==============================================================================

Image component sizes


      Code (inc. data)   RO Data    RW Data    ZI Data      Debug   Object Name

      1204        138          0         14          0       3222   application_motorcontrol.o
       400         72          0          4        128       2250   can.o
       342         10          0          0          0      24047   cmsis_os.o
         0          0          0          0          0      10128   croutine.o
        92          4          0          0          0        766   dma.o
       132         18          0         76          0       3888   drivers_buzzer.o
      1356        322          0        485        156      12068   drivers_canmotor.o
      1048         68         20         34         40       7267   drivers_imu.o
       160         20          0          2          0       1634   drivers_led.o
       156         42          0          1          0       1847   drivers_platemotor.o
        44         12          0          0          0       1042   drivers_uart.o
       482        130        768          5         64       5746   drivers_uartjudge.o
      1152        174          0        173         76      16707   drivers_uartrc.o
       716        248          0         49        124       6371   drivers_uartupper.o
         0          0          0          0          0       7992   event_groups.o
        78         12         32          4          0       5818   freertos.o
       492         36          0          0          0       1183   gpio.o
       460         24          0         24      15360       6967   heap_4.o
        64         24          0          0         12        667   iwdg.o
       136          0          0          0          0       3250   list.o
       252         10          0          0          0       2281   main.o
       100         64          0          0          0        537   peripheral_gpio.o
        52          8          0          0          0        528   peripheral_tim.o
       526         26          0          0          0       3696   pid_regulator.o
       758         84          0         12          0      11597   port.o
       472         86          0          0          0       1581   pwm_server_ motor.o
      1572         14          0          0          0      12621   queue.o
        68         16          0          1          0      10389   rtos_init.o
       148          6          0         36          0       2265   rtos_semaphore.o
       192          8        265         32          0       8463   rtos_task.o
       168         38          0          0         88       1513   spi.o
        36          8        428          0       5120        784   startup_stm32f427xx.o
       148         22          0          4          0       4251   stm32f4xx_hal.o
      1598         16          0          0          0       5858   stm32f4xx_hal_can.o
       218         14          0          0          0      30525   stm32f4xx_hal_cortex.o
      1098         22          8          0          0       6402   stm32f4xx_hal_dma.o
       494         58          0          0          0       2743   stm32f4xx_hal_gpio.o
        94          0          0          0          0       1619   stm32f4xx_hal_iwdg.o
        88          0          0          0          0        502   stm32f4xx_hal_msp.o
      2156         72          0          0          0       9641   stm32f4xx_hal_pcd.o
        76          0          0          0          0       1636   stm32f4xx_hal_pcd_ex.o
      1392         80          0          0          0       5344   stm32f4xx_hal_rcc.o
      1478          0          0          0          0       5730   stm32f4xx_hal_spi.o
      1960         96          0          0          0      16314   stm32f4xx_hal_tim.o
       174          0          0          0          0       3034   stm32f4xx_hal_tim_ex.o
      2010         28          0          0          0      12086   stm32f4xx_hal_uart.o
       190         72          0          0          0       9742   stm32f4xx_it.o
      2420         56          0          0          0      18280   stm32f4xx_ll_usb.o
        84         18         24          4          0     752043   system_stm32f4xx.o
      2270        186          0         60        240      22399   tasks.o
      2304        272          0        752          0      10450   tasks_motor.o
       564         58          0        100          0       4983   tasks_platemotor.o
      1940        170          0         20         23       6008   tasks_remotecontrol.o
      1336        230          0         37         24       9118   tasks_timed.o
        40          8          0          0          0       2068   tasks_upper.o
      1844        252          0          0        420       7182   tim.o
         0          0          0          0          0       1472   timers.o
       788        162          0          0        544       3702   usart.o
        56         18          0          0        548        680   usb_device.o
       542         22          0        275          0      11316   usbd_cdc.o
        68         14          0         24          0       4129   usbd_cdc_if.o
       706         38          0          0       1008      12738   usbd_conf.o
       626          0          0          0          0      15274   usbd_core.o
       986         30          0          1          0       6624   usbd_ctlreq.o
       212        116          0         50        128       4715   usbd_desc.o
       132          0          0          0          0       4056   usbd_ioreq.o
        24          4          0          0          0        528   utilities_debug.o
       104         56          0          0          0       1000   utilities_iopool.o
        36          8          0          8          0       1105   utilities_tim.o

    ----------------------------------------------------------------------
     43192       3920       1580       2332      24108    1194412   Object Totals
         0          0         32          0          0          0   (incl. Generated)
        78          0          3         45          5          0   (incl. Padding)

    ----------------------------------------------------------------------

      Code (inc. data)   RO Data    RW Data    ZI Data      Debug   Library Member Name

       288          4          0          0          0       1785   pid_regulator.o
       112          6          0          0          0       5660   ramp.o
       280         28          0          0          0        156   floor.o
        86          0          0          0          0          0   __dczerorl2.o
         0          0          0          0          0          0   entry.o
         0          0          0          0          0          0   entry10a.o
         0          0          0          0          0          0   entry11a.o
         8          4          0          0          0          0   entry2.o
         4          0          0          0          0          0   entry5.o
         0          0          0          0          0          0   entry7b.o
         0          0          0          0          0          0   entry8b.o
         8          4          0          0          0          0   entry9a.o
        30          0          0          0          0          0   handlers.o
        36          8          0          0          0         68   init.o
         0          0          0          0          0          0   iusefp.o
        30          0          0          0          0         68   llshl.o
        36          0          0          0          0         68   llsshr.o
        32          0          0          0          0         68   llushr.o
       188         20          0          0          0        160   malloc.o
        36          0          0          0          0         68   memcpya.o
        36          0          0          0          0        108   memseta.o
         0          0          0          8          0          0   mvars.o
      2226         90          0          0          0        444   printfa.o
        36         10          0          4          0        136   rand.o
         0          0          0          4          0          0   stdout.o
        44          0          0          0          0         80   uidiv.o
        98          0          0          0          0         92   uldiv.o
        48          0          0          0          0         68   cdcmple.o
        48          0          0          0          0         68   cdrcmple.o
        56          0          0          0          0         88   d2f.o
       334          0          0          0          0        148   dadd.o
       222          0          0          0          0        100   ddiv.o
       186          0          0          0          0        176   depilogue.o
        48          0          0          0          0         68   dfixul.o
        34          0          0          0          0         76   dflti.o
       228          0          0          0          0         96   dmul.o
        38          0          0          0          0         68   f2d.o
       110          0          0          0          0        168   fepilogue.o

    ----------------------------------------------------------------------
      4972        178          0         16          0      10085   Library Totals
         6          4          0          0          0          0   (incl. Padding)

    ----------------------------------------------------------------------

      Code (inc. data)   RO Data    RW Data    ZI Data      Debug   Library Name

       400         10          0          0          0       7445   RMLib.lib
       280         28          0          0          0        156   m_wm.l
      2934        136          0         16          0       1360   mc_w.l
      1352          0          0          0          0       1124   mf_w.l

    ----------------------------------------------------------------------
      4972        178          0         16          0      10085   Library Totals

    ----------------------------------------------------------------------

==============================================================================


      Code (inc. data)   RO Data    RW Data    ZI Data      Debug   

     48164       4098       1580       2348      24108    1162181   Grand Totals
     48164       4098       1580        588      24108    1162181   ELF Image Totals (compressed)
     48164       4098       1580        588          0          0   ROM Totals

==============================================================================

    Total RO  Size (Code + RO Data)                49744 (  48.58kB)
    Total RW  Size (RW Data + ZI Data)             26456 (  25.84kB)
    Total ROM Size (Code + RO Data + RW Data)      50332 (  49.15kB)

==============================================================================

